Archive member included to satisfy reference by file (symbol)

/home/Aki/.config/Code - OSS/User/globalStorage/bmd.stm32-for-vscode/@xpack-dev-tools/arm-none-eabi-gcc/14.2.1-1.1.1/.content/bin/../lib/gcc/arm-none-eabi/14.2.1/../../../../arm-none-eabi/lib/thumb/v7e-m+fp/hard/libc_nano.a(libc_a-atexit.o)
                              /home/Aki/.config/Code - OSS/User/globalStorage/bmd.stm32-for-vscode/@xpack-dev-tools/arm-none-eabi-gcc/14.2.1-1.1.1/.content/bin/../lib/gcc/arm-none-eabi/14.2.1/../../../../arm-none-eabi/lib/thumb/v7e-m+fp/hard/crt0.o (atexit)
/home/Aki/.config/Code - OSS/User/globalStorage/bmd.stm32-for-vscode/@xpack-dev-tools/arm-none-eabi-gcc/14.2.1-1.1.1/.content/bin/../lib/gcc/arm-none-eabi/14.2.1/../../../../arm-none-eabi/lib/thumb/v7e-m+fp/hard/libc_nano.a(libc_a-exit.o)
                              /home/Aki/.config/Code - OSS/User/globalStorage/bmd.stm32-for-vscode/@xpack-dev-tools/arm-none-eabi-gcc/14.2.1-1.1.1/.content/bin/../lib/gcc/arm-none-eabi/14.2.1/../../../../arm-none-eabi/lib/thumb/v7e-m+fp/hard/crt0.o (exit)
/home/Aki/.config/Code - OSS/User/globalStorage/bmd.stm32-for-vscode/@xpack-dev-tools/arm-none-eabi-gcc/14.2.1-1.1.1/.content/bin/../lib/gcc/arm-none-eabi/14.2.1/../../../../arm-none-eabi/lib/thumb/v7e-m+fp/hard/libc_nano.a(libc_a-findfp.o)
                              /home/Aki/.config/Code - OSS/User/globalStorage/bmd.stm32-for-vscode/@xpack-dev-tools/arm-none-eabi-gcc/14.2.1-1.1.1/.content/bin/../lib/gcc/arm-none-eabi/14.2.1/../../../../arm-none-eabi/lib/thumb/v7e-m+fp/hard/libc_nano.a(libc_a-exit.o) (__stdio_exit_handler)
/home/Aki/.config/Code - OSS/User/globalStorage/bmd.stm32-for-vscode/@xpack-dev-tools/arm-none-eabi-gcc/14.2.1-1.1.1/.content/bin/../lib/gcc/arm-none-eabi/14.2.1/../../../../arm-none-eabi/lib/thumb/v7e-m+fp/hard/libc_nano.a(libc_a-fwalk.o)
                              /home/Aki/.config/Code - OSS/User/globalStorage/bmd.stm32-for-vscode/@xpack-dev-tools/arm-none-eabi-gcc/14.2.1-1.1.1/.content/bin/../lib/gcc/arm-none-eabi/14.2.1/../../../../arm-none-eabi/lib/thumb/v7e-m+fp/hard/libc_nano.a(libc_a-findfp.o) (_fwalk_sglue)
/home/Aki/.config/Code - OSS/User/globalStorage/bmd.stm32-for-vscode/@xpack-dev-tools/arm-none-eabi-gcc/14.2.1-1.1.1/.content/bin/../lib/gcc/arm-none-eabi/14.2.1/../../../../arm-none-eabi/lib/thumb/v7e-m+fp/hard/libc_nano.a(libc_a-printf.o)
                              build/debug/main.o (printf)
/home/Aki/.config/Code - OSS/User/globalStorage/bmd.stm32-for-vscode/@xpack-dev-tools/arm-none-eabi-gcc/14.2.1-1.1.1/.content/bin/../lib/gcc/arm-none-eabi/14.2.1/../../../../arm-none-eabi/lib/thumb/v7e-m+fp/hard/libc_nano.a(libc_a-stdio.o)
                              /home/Aki/.config/Code - OSS/User/globalStorage/bmd.stm32-for-vscode/@xpack-dev-tools/arm-none-eabi-gcc/14.2.1-1.1.1/.content/bin/../lib/gcc/arm-none-eabi/14.2.1/../../../../arm-none-eabi/lib/thumb/v7e-m+fp/hard/libc_nano.a(libc_a-findfp.o) (__sread)
/home/Aki/.config/Code - OSS/User/globalStorage/bmd.stm32-for-vscode/@xpack-dev-tools/arm-none-eabi-gcc/14.2.1-1.1.1/.content/bin/../lib/gcc/arm-none-eabi/14.2.1/../../../../arm-none-eabi/lib/thumb/v7e-m+fp/hard/libc_nano.a(libc_a-memset.o)
                              /home/Aki/.config/Code - OSS/User/globalStorage/bmd.stm32-for-vscode/@xpack-dev-tools/arm-none-eabi-gcc/14.2.1-1.1.1/.content/bin/../lib/gcc/arm-none-eabi/14.2.1/../../../../arm-none-eabi/lib/thumb/v7e-m+fp/hard/crt0.o (memset)
/home/Aki/.config/Code - OSS/User/globalStorage/bmd.stm32-for-vscode/@xpack-dev-tools/arm-none-eabi-gcc/14.2.1-1.1.1/.content/bin/../lib/gcc/arm-none-eabi/14.2.1/../../../../arm-none-eabi/lib/thumb/v7e-m+fp/hard/libc_nano.a(libc_a-closer.o)
                              /home/Aki/.config/Code - OSS/User/globalStorage/bmd.stm32-for-vscode/@xpack-dev-tools/arm-none-eabi-gcc/14.2.1-1.1.1/.content/bin/../lib/gcc/arm-none-eabi/14.2.1/../../../../arm-none-eabi/lib/thumb/v7e-m+fp/hard/libc_nano.a(libc_a-stdio.o) (_close_r)
/home/Aki/.config/Code - OSS/User/globalStorage/bmd.stm32-for-vscode/@xpack-dev-tools/arm-none-eabi-gcc/14.2.1-1.1.1/.content/bin/../lib/gcc/arm-none-eabi/14.2.1/../../../../arm-none-eabi/lib/thumb/v7e-m+fp/hard/libc_nano.a(libc_a-reent.o)
                              /home/Aki/.config/Code - OSS/User/globalStorage/bmd.stm32-for-vscode/@xpack-dev-tools/arm-none-eabi-gcc/14.2.1-1.1.1/.content/bin/../lib/gcc/arm-none-eabi/14.2.1/../../../../arm-none-eabi/lib/thumb/v7e-m+fp/hard/libc_nano.a(libc_a-closer.o) (errno)
/home/Aki/.config/Code - OSS/User/globalStorage/bmd.stm32-for-vscode/@xpack-dev-tools/arm-none-eabi-gcc/14.2.1-1.1.1/.content/bin/../lib/gcc/arm-none-eabi/14.2.1/../../../../arm-none-eabi/lib/thumb/v7e-m+fp/hard/libc_nano.a(libc_a-impure.o)
[...]
Memory Configuration

Name             Origin             Length             Attributes
RAM              0x20000000         0x00020000         xrw
FLASH            0x08000000         0x00080000         xr
*default*        0x00000000         0xffffffff

Linker script and memory map

LOAD /home/Aki/.config/Code - OSS/User/globalStorage/bmd.stm32-for-vscode/@xpack-dev-tools/arm-none-eabi-gcc/14.2.1-1.1.1/.content/bin/../lib/gcc/arm-none-eabi/14.2.1/thumb/v7e-m+fp/hard/crti.o
LOAD /home/Aki/.config/Code - OSS/User/globalStorage/bmd.stm32-for-vscode/@xpack-dev-tools/arm-none-eabi-gcc/14.2.1-1.1.1/.content/bin/../lib/gcc/arm-none-eabi/14.2.1/thumb/v7e-m+fp/hard/crtbegin.o
LOAD /home/Aki/.config/Code - OSS/User/globalStorage/bmd.stm32-for-vscode/@xpack-dev-tools/arm-none-eabi-gcc/14.2.1-1.1.1/.content/bin/../lib/gcc/arm-none-eabi/14.2.1/../../../../arm-none-eabi/lib/thumb/v7e-m+fp/hard/crt0.o
LOAD build/debug/stm32g4xx_hal.o
LOAD build/debug/stm32g4xx_hal_cortex.o
LOAD build/debug/stm32g4xx_hal_dma.o
LOAD build/debug/stm32g4xx_hal_dma_ex.o
LOAD build/debug/stm32g4xx_hal_exti.o
LOAD build/debug/stm32g4xx_hal_flash.o
LOAD build/debug/stm32g4xx_hal_flash_ex.o
LOAD build/debug/stm32g4xx_hal_flash_ramfunc.o
LOAD build/debug/stm32g4xx_hal_gpio.o
LOAD build/debug/stm32g4xx_hal_i2c.o
LOAD build/debug/stm32g4xx_hal_i2c_ex.o
LOAD build/debug/stm32g4xx_hal_msp.o
LOAD build/debug/stm32g4xx_hal_pwr.o
LOAD build/debug/stm32g4xx_hal_pwr_ex.o
LOAD build/debug/stm32g4xx_hal_rcc.o
LOAD build/debug/stm32g4xx_hal_rcc_ex.o
LOAD build/debug/stm32g4xx_hal_uart.o
LOAD build/debug/stm32g4xx_hal_uart_ex.o
LOAD build/debug/stm32g4xx_hal_usart.o
LOAD build/debug/stm32g4xx_hal_usart_ex.o
LOAD build/debug/stm32g4xx_it.o
LOAD build/debug/stm32g4xx_nucleo.o
LOAD build/debug/syscalls.o
LOAD build/debug/sysmem.o
LOAD build/debug/system_stm32g4xx.o
LOAD build/debug/main.o
LOAD build/debug/startup_stm32g474xx.o
LOAD /home/Aki/.config/Code - OSS/User/globalStorage/bmd.stm32-for-vscode/@xpack-dev-tools/arm-none-eabi-gcc/14.2.1-1.1.1/.content/bin/../lib/gcc/arm-none-eabi/14.2.1/../../../../arm-none-eabi/lib/thumb/v7e-m+fp/hard/libnosys.a
LOAD /home/Aki/.config/Code - OSS/User/globalStorage/bmd.stm32-for-vscode/@xpack-dev-tools/arm-none-eabi-gcc/14.2.1-1.1.1/.content/bin/../lib/gcc/arm-none-eabi/14.2.1/../../../../arm-none-eabi/lib/thumb/v7e-m+fp/hard/libstdc++_nano.a
LOAD /home/Aki/.config/Code - OSS/User/globalStorage/bmd.stm32-for-vscode/@xpack-dev-tools/arm-none-eabi-gcc/14.2.1-1.1.1/.content/bin/../lib/gcc/arm-none-eabi/14.2.1/../../../../arm-none-eabi/lib/thumb/v7e-m+fp/hard/libm.a
LOAD /home/Aki/.config/Code - OSS/User/globalStorage/bmd.stm32-for-vscode/@xpack-dev-tools/arm-none-eabi-gcc/14.2.1-1.1.1/.content/bin/../lib/gcc/arm-none-eabi/14.2.1/../../../../arm-none-eabi/lib/thumb/v7e-m+fp/hard/libc_nano.a
START GROUP
LOAD /home/Aki/.config/Code - OSS/User/globalStorage/bmd.stm32-for-vscode/@xpack-dev-tools/arm-none-eabi-gcc/14.2.1-1.1.1/.content/bin/../lib/gcc/arm-none-eabi/14.2.1/thumb/v7e-m+fp/hard/libgcc.a
LOAD /home/Aki/.config/Code - OSS/User/globalStorage/bmd.stm32-for-vscode/@xpack-dev-tools/arm-none-eabi-gcc/14.2.1-1.1.1/.content/bin/../lib/gcc/arm-none-eabi/14.2.1/../../../../arm-none-eabi/lib/thumb/v7e-m+fp/hard/libc_nano.a
END GROUP
START GROUP
LOAD /home/Aki/.config/Code - OSS/User/globalStorage/bmd.stm32-for-vscode/@xpack-dev-tools/arm-none-eabi-gcc/14.2.1-1.1.1/.content/bin/../lib/gcc/arm-none-eabi/14.2.1/thumb/v7e-m+fp/hard/libgcc.a
LOAD /home/Aki/.config/Code - OSS/User/globalStorage/bmd.stm32-for-vscode/@xpack-dev-tools/arm-none-eabi-gcc/14.2.1-1.1.1/.content/bin/../lib/gcc/arm-none-eabi/14.2.1/../../../../arm-none-eabi/lib/thumb/v7e-m+fp/hard/libc_nano.a
END GROUP
LOAD /home/Aki/.config/Code - OSS/User/globalStorage/bmd.stm32-for-vscode/@xpack-dev-tools/arm-none-eabi-gcc/14.2.1-1.1.1/.content/bin/../lib/gcc/arm-none-eabi/14.2.1/thumb/v7e-m+fp/hard/crtend.o
LOAD /home/Aki/.config/Code - OSS/User/globalStorage/bmd.stm32-for-vscode/@xpack-dev-tools/arm-none-eabi-gcc/14.2.1-1.1.1/.content/bin/../lib/gcc/arm-none-eabi/14.2.1/thumb/v7e-m+fp/hard/crtn.o
                0x20020000                        _estack = (ORIGIN (RAM) + LENGTH (RAM))
                0x00000200                        _Min_Heap_Size = 0x200
                0x00000400                        _Min_Stack_Size = 0x400

.isr_vector     0x08000000      0x1d8
                0x08000000                        . = ALIGN (0x4)
 *(.isr_vector)
 .isr_vector    0x08000000      0x1d8 build/debug/startup_stm32g474xx.o
                0x08000000                g_pfnVectors
                0x080001d8                        . = ALIGN (0x4)

.text           0x080001e0     0x3944
                0x080001e0                        . = ALIGN (0x4)
 *(.text)
 .text          0x080001e0       0xa0 /home/Aki/.config/Code - OSS/User/globalStorage/bmd.stm32-for-vscode/@xpack-dev-tools/arm-none-eabi-gcc/14.2.1-1.1.1/.content/bin/../lib/gcc/arm-none-eabi/14.2.1/../../../../arm-none-eabi/lib/thumb/v7e-m+fp/hard/libc_nano.a(libc_a-memchr.o)
                0x080001e0                memchr
 .text          0x08000280       0x30 /home/Aki/.config/Code - OSS/User/globalStorage/bmd.stm32-for-vscode/@xpack-dev-tools/arm-none-eabi-gcc/14.2.1-1.1.1/.content/bin/../lib/gcc/arm-none-eabi/14.2.1/thumb/v7e-m+fp/hard/libgcc.a(_aeabi_uldivmod.o)
                0x08000280                __aeabi_uldivmod
 .text          0x080002b0        0x4 /home/Aki/.config/Code - OSS/User/globalStorage/bmd.stm32-for-vscode/@xpack-dev-tools/arm-none-eabi-gcc/14.2.1-1.1.1/.content/bin/../lib/gcc/arm-none-eabi/14.2.1/thumb/v7e-m+fp/hard/libgcc.a(_dvmd_tls.o)
                0x080002b0                __aeabi_ldiv0
                0x080002b0                __aeabi_idiv0
 *(.text*)
 .text.__do_global_dtors_aux
                0x080002b4       0x24 /home/Aki/.config/Code - OSS/User/globalStorage/bmd.stm32-for-vscode/@xpack-dev-tools/arm-none-eabi-gcc/14.2.1-1.1.1/.content/bin/../lib/gcc/arm-none-eabi/14.2.1/thumb/v7e-m+fp/hard/crtbegin.o
 .text.frame_dummy
                0x080002d8       0x1c /home/Aki/.config/Code - OSS/User/globalStorage/bmd.stm32-for-vscode/@xpack-dev-tools/arm-none-eabi-gcc/14.2.1-1.1.1/.content/bin/../lib/gcc/arm-none-eabi/14.2.1/thumb/v7e-m+fp/hard/crtbegin.o
 .text.HAL_InitTick
                0x080002f4       0x50 build/debug/stm32g4xx_hal.o
                0x080002f4                HAL_InitTick
 .text.HAL_Init
                0x08000344       0x1e build/debug/stm32g4xx_hal.o
                0x08000344                HAL_Init
 *fill*         0x08000362        0x2 
 .text.HAL_IncTick
                0x08000364       0x18 build/debug/stm32g4xx_hal.o
                0x08000364                HAL_IncTick
 .text.HAL_GetTick
                0x0800037c        0xc build/debug/stm32g4xx_hal.o
                0x0800037c                HAL_GetTick
 .text.HAL_Delay
                0x08000388       0x28 build/debug/stm32g4xx_hal.o
                0x08000388                HAL_Delay
 .text.__NVIC_EnableIRQ
                0x080003b0       0x1c build/debug/stm32g4xx_hal_cortex.o
 .text.__NVIC_SetPriority
                0x080003cc       0x28 build/debug/stm32g4xx_hal_cortex.o
 .text.NVIC_EncodePriority
                0x080003f4       0x3e build/debug/stm32g4xx_hal_cortex.o
 *fill*         0x08000432        0x2 
 .text.HAL_NVIC_SetPriorityGrouping
                0x08000434       0x24 build/debug/stm32g4xx_hal_cortex.o
                0x08000434                HAL_NVIC_SetPriorityGrouping
 .text.HAL_NVIC_SetPriority
                0x08000458       0x20 build/debug/stm32g4xx_hal_cortex.o
                0x08000458                HAL_NVIC_SetPriority
 .text.HAL_NVIC_EnableIRQ
                0x08000478        0x8 build/debug/stm32g4xx_hal_cortex.o
                0x08000478                HAL_NVIC_EnableIRQ
 .text.HAL_SYSTICK_Config
                0x08000480       0x28 build/debug/stm32g4xx_hal_cortex.o
                0x08000480                HAL_SYSTICK_Config
 .text.HAL_EXTI_RegisterCallback
                0x080004a8       0x10 build/debug/stm32g4xx_hal_exti.o
                0x080004a8                HAL_EXTI_RegisterCallback
 .text.HAL_EXTI_GetHandle
                0x080004b8        0xc build/debug/stm32g4xx_hal_exti.o
                0x080004b8                HAL_EXTI_GetHandle
 .text.HAL_EXTI_IRQHandler
                0x080004c4       0x28 build/debug/stm32g4xx_hal_exti.o
                0x080004c4                HAL_EXTI_IRQHandler
 .text.HAL_GPIO_Init
                0x080004ec      0x1d4 build/debug/stm32g4xx_hal_gpio.o
                0x080004ec                HAL_GPIO_Init
 .text.HAL_GPIO_WritePin
                0x080006c0        0xa build/debug/stm32g4xx_hal_gpio.o
                0x080006c0                HAL_GPIO_WritePin
 .text.I2C_Flush_TXDR
                0x080006ca       0x22 build/debug/stm32g4xx_hal_i2c.o
 .text.I2C_TransferConfig
                0x080006ec       0x3c build/debug/stm32g4xx_hal_i2c.o
 .text.I2C_IsErrorOccurred
                0x08000728      0x114 build/debug/stm32g4xx_hal_i2c.o
 .text.I2C_WaitOnTXISFlagUntilTimeout
                0x0800083c       0x60 build/debug/stm32g4xx_hal_i2c.o
 .text.I2C_WaitOnFlagUntilTimeout
                0x0800089c       0x7c build/debug/stm32g4xx_hal_i2c.o
 .text.I2C_RequestMemoryWrite
                0x08000918       0x7c build/debug/stm32g4xx_hal_i2c.o
 .text.I2C_RequestMemoryRead
                0x08000994       0x78 build/debug/stm32g4xx_hal_i2c.o
 .text.I2C_WaitOnSTOPFlagUntilTimeout
                0x08000a0c       0x5e build/debug/stm32g4xx_hal_i2c.o
 .text.HAL_I2C_Init
                0x08000a6a       0xc8 build/debug/stm32g4xx_hal_i2c.o
                0x08000a6a                HAL_I2C_Init
 .text.HAL_I2C_Mem_Write
                0x08000b32      0x1a6 build/debug/stm32g4xx_hal_i2c.o
                0x08000b32                HAL_I2C_Mem_Write
 .text.HAL_I2C_Mem_Read
                0x08000cd8      0x1ac build/debug/stm32g4xx_hal_i2c.o
                0x08000cd8                HAL_I2C_Mem_Read
 .text.HAL_I2CEx_ConfigAnalogFilter
                0x08000e84       0x5a build/debug/stm32g4xx_hal_i2c_ex.o
                0x08000e84                HAL_I2CEx_ConfigAnalogFilter
 .text.HAL_I2CEx_ConfigDigitalFilter
                0x08000ede       0x56 build/debug/stm32g4xx_hal_i2c_ex.o
                0x08000ede                HAL_I2CEx_ConfigDigitalFilter
 .text.HAL_MspInit
                0x08000f34       0x38 build/debug/stm32g4xx_hal_msp.o
                0x08000f34                HAL_MspInit
 .text.HAL_I2C_MspInit
                0x08000f6c       0x8c build/debug/stm32g4xx_hal_msp.o
                0x08000f6c                HAL_I2C_MspInit
 .text.HAL_PWREx_ControlVoltageScaling
                0x08000ff8      0x10c build/debug/stm32g4xx_hal_pwr_ex.o
                0x08000ff8                HAL_PWREx_ControlVoltageScaling
 .text.HAL_PWREx_DisableUCPDDeadBattery
                0x08001104       0x10 build/debug/stm32g4xx_hal_pwr_ex.o
                0x08001104                HAL_PWREx_DisableUCPDDeadBattery
 .text.RCC_GetSysClockFreqFromPLLSource
                0x08001114       0x58 build/debug/stm32g4xx_hal_rcc.o
 .text.HAL_RCC_OscConfig
                0x0800116c      0x4e4 build/debug/stm32g4xx_hal_rcc.o
                0x0800116c                HAL_RCC_OscConfig
 .text.HAL_RCC_GetSysClockFreq
                0x08001650       0x88 build/debug/stm32g4xx_hal_rcc.o
                0x08001650                HAL_RCC_GetSysClockFreq
 .text.HAL_RCC_ClockConfig
                0x080016d8      0x1f8 build/debug/stm32g4xx_hal_rcc.o
                0x080016d8                HAL_RCC_ClockConfig
 .text.HAL_RCC_GetHCLKFreq
                0x080018d0        0xc build/debug/stm32g4xx_hal_rcc.o
                0x080018d0                HAL_RCC_GetHCLKFreq
 .text.HAL_RCC_GetPCLK1Freq
                0x080018dc       0x24 build/debug/stm32g4xx_hal_rcc.o
                0x080018dc                HAL_RCC_GetPCLK1Freq
 .text.HAL_RCC_GetPCLK2Freq
                0x08001900       0x24 build/debug/stm32g4xx_hal_rcc.o
                0x08001900                HAL_RCC_GetPCLK2Freq
 .text.HAL_RCCEx_PeriphCLKConfig
                0x08001924      0x378 build/debug/stm32g4xx_hal_rcc_ex.o
                0x08001924                HAL_RCCEx_PeriphCLKConfig
 .text.UART_EndRxTransfer
                0x08001c9c       0x56 build/debug/stm32g4xx_hal_uart.o
 .text.HAL_UART_MspInit
                0x08001cf2        0x2 build/debug/stm32g4xx_hal_uart.o
                0x08001cf2                HAL_UART_MspInit
 .text.UART_SetConfig
                0x08001cf4      0x380 build/debug/stm32g4xx_hal_uart.o
                0x08001cf4                UART_SetConfig
 .text.UART_AdvFeatureConfig
                0x08002074       0xca build/debug/stm32g4xx_hal_uart.o
                0x08002074                UART_AdvFeatureConfig
 .text.UART_WaitOnFlagUntilTimeout
                0x0800213e       0x9e build/debug/stm32g4xx_hal_uart.o
                0x0800213e                UART_WaitOnFlagUntilTimeout
 .text.HAL_UART_Transmit
                0x080021dc       0xd2 build/debug/stm32g4xx_hal_uart.o
                0x080021dc                HAL_UART_Transmit
 .text.UART_CheckIdleState
                0x080022ae       0xca build/debug/stm32g4xx_hal_uart.o
                0x080022ae                UART_CheckIdleState
 .text.HAL_UART_Init
                0x08002378       0x66 build/debug/stm32g4xx_hal_uart.o
                0x08002378                HAL_UART_Init
 .text.NMI_Handler
                0x080023de        0x2 build/debug/stm32g4xx_it.o
                0x080023de                NMI_Handler
 .text.HardFault_Handler
                0x080023e0        0x2 build/debug/stm32g4xx_it.o
                0x080023e0                HardFault_Handler
 .text.MemManage_Handler
                0x080023e2        0x2 build/debug/stm32g4xx_it.o
                0x080023e2                MemManage_Handler
 .text.BusFault_Handler
                0x080023e4        0x2 build/debug/stm32g4xx_it.o
                0x080023e4                BusFault_Handler
 .text.UsageFault_Handler
                0x080023e6        0x2 build/debug/stm32g4xx_it.o
                0x080023e6                UsageFault_Handler
 .text.SVC_Handler
                0x080023e8        0x2 build/debug/stm32g4xx_it.o
                0x080023e8                SVC_Handler
 .text.DebugMon_Handler
                0x080023ea        0x2 build/debug/stm32g4xx_it.o
                0x080023ea                DebugMon_Handler
 .text.PendSV_Handler
                0x080023ec        0x2 build/debug/stm32g4xx_it.o
                0x080023ec                PendSV_Handler
 .text.SysTick_Handler
                0x080023ee        0x8 build/debug/stm32g4xx_it.o
                0x080023ee                SysTick_Handler
 .text.EXTI15_10_IRQHandler
                0x080023f6        0xa build/debug/stm32g4xx_it.o
                0x080023f6                EXTI15_10_IRQHandler
 .text.COM1_MspInit
                0x08002400       0x78 build/debug/stm32g4xx_nucleo.o
 .text.BSP_LED_Init
                0x08002478       0x48 build/debug/stm32g4xx_nucleo.o
                0x08002478                BSP_LED_Init
 .text.BSP_PB_Init
                0x080024c0       0x88 build/debug/stm32g4xx_nucleo.o
                0x080024c0                BSP_PB_Init
 .text.BSP_PB_IRQHandler
                0x08002548       0x14 build/debug/stm32g4xx_nucleo.o
                0x08002548                BSP_PB_IRQHandler
 .text.BSP_PB_Callback
                0x0800255c        0x2 build/debug/stm32g4xx_nucleo.o
                0x0800255c                BSP_PB_Callback
 .text.BUTTON_USER_EXTI_Callback
                0x0800255e        0xa build/debug/stm32g4xx_nucleo.o
 .text.MX_LPUART1_Init
                0x08002568       0x30 build/debug/stm32g4xx_nucleo.o
                0x08002568                MX_LPUART1_Init
 .text.BSP_COM_Init
                0x08002598       0x34 build/debug/stm32g4xx_nucleo.o
                0x08002598                BSP_COM_Init
 .text.__io_putchar
                0x080025cc       0x30 build/debug/stm32g4xx_nucleo.o
                0x080025cc                __io_putchar
 .text._read    0x080025fc       0x20 build/debug/syscalls.o
                0x080025fc                _read
 .text._write   0x0800261c       0x1c build/debug/syscalls.o
                0x0800261c                _write
 .text._close   0x08002638        0x6 build/debug/syscalls.o
                0x08002638                _close
 .text._fstat   0x0800263e        0xa build/debug/syscalls.o
                0x0800263e                _fstat
 .text._isatty  0x08002648        0x4 build/debug/syscalls.o
                0x08002648                _isatty
 .text._lseek   0x0800264c        0x4 build/debug/syscalls.o
                0x0800264c                _lseek
 .text._sbrk    0x08002650       0x48 build/debug/sysmem.o
                0x08002650                _sbrk
 .text.SystemInit
                0x08002698       0x14 build/debug/system_stm32g4xx.o
                0x08002698                SystemInit
 .text.MX_GPIO_Init
                0x080026ac       0x54 build/debug/main.o
 .text.Error_Handler
                0x08002700        0x4 build/debug/main.o
                0x08002700                Error_Handler
 .text.MX_I2C1_Init
                0x08002704       0x54 build/debug/main.o
 .text.SystemClock_Config
                0x08002758       0x70 build/debug/main.o
                0x08002758                SystemClock_Config
 .text.main     0x080027c8      0x1a4 build/debug/main.o
                0x080027c8                main
 .text.Reset_Handler
                0x0800296c       0x50 build/debug/startup_stm32g474xx.o
                0x0800296c                Reset_Handler
 .text.Default_Handler
                0x080029bc        0x2 build/debug/startup_stm32g474xx.o
                0x080029bc                RTC_Alarm_IRQHandler
                0x080029bc                EXTI2_IRQHandler
                0x080029bc                TIM8_TRG_COM_IRQHandler
                0x080029bc                TIM8_CC_IRQHandler
                0x080029bc                HRTIM1_Master_IRQHandler
                0x080029bc                SPI4_IRQHandler
                0x080029bc                FDCAN3_IT0_IRQHandler
                0x080029bc                TIM1_CC_IRQHandler
                0x080029bc                HRTIM1_FLT_IRQHandler
                0x080029bc                HRTIM1_TIMF_IRQHandler
                0x080029bc                USB_HP_IRQHandler
                0x080029bc                CORDIC_IRQHandler
                0x080029bc                HRTIM1_TIMD_IRQHandler
                0x080029bc                DMA2_Channel8_IRQHandler
                0x080029bc                EXTI3_IRQHandler
                0x080029bc                I2C3_ER_IRQHandler
                0x080029bc                EXTI0_IRQHandler
                0x080029bc                I2C2_EV_IRQHandler
                0x080029bc                FPU_IRQHandler
                0x080029bc                FDCAN1_IT1_IRQHandler
                0x080029bc                TIM1_UP_TIM16_IRQHandler
                0x080029bc                ADC1_2_IRQHandler
                0x080029bc                HRTIM1_TIME_IRQHandler
                0x080029bc                SPI1_IRQHandler
                0x080029bc                TIM6_DAC_IRQHandler
                0x080029bc                HRTIM1_TIMC_IRQHandler
                0x080029bc                TIM8_UP_IRQHandler
                0x080029bc                DMA2_Channel2_IRQHandler
                0x080029bc                DMA1_Channel4_IRQHandler
                0x080029bc                TIM20_TRG_COM_IRQHandler
                0x080029bc                USART3_IRQHandler
                0x080029bc                DMA1_Channel7_IRQHandler
                0x080029bc                UART5_IRQHandler
                0x080029bc                ADC3_IRQHandler
                0x080029bc                TIM4_IRQHandler
                0x080029bc                DMA2_Channel1_IRQHandler
                0x080029bc                QUADSPI_IRQHandler
                0x080029bc                I2C1_EV_IRQHandler
                0x080029bc                DMA1_Channel6_IRQHandler
                0x080029bc                UART4_IRQHandler
                0x080029bc                DMA2_Channel4_IRQHandler
                0x080029bc                TIM3_IRQHandler
                0x080029bc                RCC_IRQHandler
                0x080029bc                TIM20_UP_IRQHandler
                0x080029bc                DMA1_Channel1_IRQHandler
                0x080029bc                Default_Handler
                0x080029bc                DMA2_Channel7_IRQHandler
                0x080029bc                RTC_TAMP_LSECSS_IRQHandler
                0x080029bc                FMAC_IRQHandler
                0x080029bc                DMA1_Channel8_IRQHandler
                0x080029bc                HRTIM1_TIMA_IRQHandler
                0x080029bc                TIM7_DAC_IRQHandler
                0x080029bc                FDCAN3_IT1_IRQHandler
                0x080029bc                TIM5_IRQHandler
                0x080029bc                UCPD1_IRQHandler
                0x080029bc                I2C3_EV_IRQHandler
                0x080029bc                EXTI9_5_IRQHandler
                0x080029bc                RTC_WKUP_IRQHandler
                0x080029bc                PVD_PVM_IRQHandler
                0x080029bc                SPI2_IRQHandler
                0x080029bc                ADC5_IRQHandler
                0x080029bc                DMA2_Channel5_IRQHandler
                0x080029bc                CRS_IRQHandler
                0x080029bc                DMA1_Channel5_IRQHandler
                0x080029bc                USB_LP_IRQHandler
                0x080029bc                EXTI4_IRQHandler
                0x080029bc                RNG_IRQHandler
                0x080029bc                HRTIM1_TIMB_IRQHandler
                0x080029bc                TIM1_TRG_COM_TIM17_IRQHandler
                0x080029bc                FDCAN2_IT1_IRQHandler
                0x080029bc                DMA1_Channel3_IRQHandler
                0x080029bc                ADC4_IRQHandler
                0x080029bc                WWDG_IRQHandler
                0x080029bc                I2C4_EV_IRQHandler
                0x080029bc                FDCAN2_IT0_IRQHandler
                0x080029bc                LPUART1_IRQHandler
                0x080029bc                DMA2_Channel6_IRQHandler
                0x080029bc                FDCAN1_IT0_IRQHandler
                0x080029bc                TIM2_IRQHandler
                0x080029bc                COMP7_IRQHandler
                0x080029bc                COMP1_2_3_IRQHandler
                0x080029bc                EXTI1_IRQHandler
                0x080029bc                USART2_IRQHandler
                0x080029bc                COMP4_5_6_IRQHandler
                0x080029bc                TIM20_BRK_IRQHandler
                0x080029bc                I2C2_ER_IRQHandler
                0x080029bc                DMA1_Channel2_IRQHandler
                0x080029bc                TIM8_BRK_IRQHandler
                0x080029bc                FLASH_IRQHandler
                0x080029bc                TIM20_CC_IRQHandler
                0x080029bc                USART1_IRQHandler
                0x080029bc                SPI3_IRQHandler
                0x080029bc                I2C1_ER_IRQHandler
                0x080029bc                FMC_IRQHandler
                0x080029bc                LPTIM1_IRQHandler
                0x080029bc                DMAMUX_OVR_IRQHandler
                0x080029bc                I2C4_ER_IRQHandler
                0x080029bc                USBWakeUp_IRQHandler
                0x080029bc                SAI1_IRQHandler
                0x080029bc                DMA2_Channel3_IRQHandler
                0x080029bc                TIM1_BRK_TIM15_IRQHandler
 *fill*         0x080029be        0x2 
 .text.std      0x080029c0       0x6c /home/Aki/.config/Code - OSS/User/globalStorage/bmd.stm32-for-vscode/@xpack-dev-tools/arm-none-eabi-gcc/14.2.1-1.1.1/.content/bin/../lib/gcc/arm-none-eabi/14.2.1/../../../../arm-none-eabi/lib/thumb/v7e-m+fp/hard/libc_nano.a(libc_a-findfp.o)
 .text.stdio_exit_handler
                0x08002a2c       0x18 /home/Aki/.config/Code - OSS/User/globalStorage/bmd.stm32-for-vscode/@xpack-dev-tools/arm-none-eabi-gcc/14.2.1-1.1.1/.content/bin/../lib/gcc/arm-none-eabi/14.2.1/../../../../arm-none-eabi/lib/thumb/v7e-m+fp/hard/libc_nano.a(libc_a-findfp.o)
 .text.cleanup_stdio
                0x08002a44       0x40 /home/Aki/.config/Code - OSS/User/globalStorage/bmd.stm32-for-vscode/@xpack-dev-tools/arm-none-eabi-gcc/14.2.1-1.1.1/.content/bin/../lib/gcc/arm-none-eabi/14.2.1/../../../../arm-none-eabi/lib/thumb/v7e-m+fp/hard/libc_nano.a(libc_a-findfp.o)
 .text.global_stdio_init.part.0
                0x08002a84       0x40 /home/Aki/.config/Code - OSS/User/globalStorage/bmd.stm32-for-vscode/@xpack-dev-tools/arm-none-eabi-gcc/14.2.1-1.1.1/.content/bin/../lib/gcc/arm-none-eabi/14.2.1/../../../../arm-none-eabi/lib/thumb/v7e-m+fp/hard/libc_nano.a(libc_a-findfp.o)
 .text.__sfp_lock_acquire
                0x08002ac4        0xc /home/Aki/.config/Code - OSS/User/globalStorage/bmd.stm32-for-vscode/@xpack-dev-tools/arm-none-eabi-gcc/14.2.1-1.1.1/.content/bin/../lib/gcc/arm-none-eabi/14.2.1/../../../../arm-none-eabi/lib/thumb/v7e-m+fp/hard/libc_nano.a(libc_a-findfp.o)
                0x08002ac4                __sfp_lock_acquire
 .text.__sfp_lock_release
                0x08002ad0        0xc /home/Aki/.config/Code - OSS/User/globalStorage/bmd.stm32-for-vscode/@xpack-dev-tools/arm-none-eabi-gcc/14.2.1-1.1.1/.content/bin/../lib/gcc/arm-none-eabi/14.2.1/../../../../arm-none-eabi/lib/thumb/v7e-m+fp/hard/libc_nano.a(libc_a-findfp.o)
                0x08002ad0                __sfp_lock_release
 .text.__sinit  0x08002adc       0x30 /home/Aki/.config/Code - OSS/User/globalStorage/bmd.stm32-for-vscode/@xpack-dev-tools/arm-none-eabi-gcc/14.2.1-1.1.1/.content/bin/../lib/gcc/arm-none-eabi/14.2.1/../../../../arm-none-eabi/lib/thumb/v7e-m+fp/hard/libc_nano.a(libc_a-findfp.o)
                0x08002adc                __sinit
 .text._fwalk_sglue
                0x08002b0c       0x3c /home/Aki/.config/Code - OSS/User/globalStorage/bmd.stm32-for-vscode/@xpack-dev-tools/arm-none-eabi-gcc/14.2.1-1.1.1/.content/bin/../lib/gcc/arm-none-eabi/14.2.1/../../../../arm-none-eabi/lib/thumb/v7e-m+fp/hard/libc_nano.a(libc_a-fwalk.o)
                0x08002b0c                _fwalk_sglue
 .text.printf   0x08002b48       0x24 /home/Aki/.config/Code - OSS/User/globalStorage/bmd.stm32-for-vscode/@xpack-dev-tools/arm-none-eabi-gcc/14.2.1-1.1.1/.content/bin/../lib/gcc/arm-none-eabi/14.2.1/../../../../arm-none-eabi/lib/thumb/v7e-m+fp/hard/libc_nano.a(libc_a-printf.o)
                0x08002b48                printf
                0x08002b48                iprintf
 .text.__sread  0x08002b6c       0x22 /home/Aki/.config/Code - OSS/User/globalStorage/bmd.stm32-for-vscode/@xpack-dev-tools/arm-none-eabi-gcc/14.2.1-1.1.1/.content/bin/../lib/gcc/arm-none-eabi/14.2.1/../../../../arm-none-eabi/lib/thumb/v7e-m+fp/hard/libc_nano.a(libc_a-stdio.o)
                0x08002b6c                __sread
 .text.__swrite
                0x08002b8e       0x38 /home/Aki/.config/Code - OSS/User/globalStorage/bmd.stm32-for-vscode/@xpack-dev-tools/arm-none-eabi-gcc/14.2.1-1.1.1/.content/bin/../lib/gcc/arm-none-eabi/14.2.1/../../../../arm-none-eabi/lib/thumb/v7e-m+fp/hard/libc_nano.a(libc_a-stdio.o)
                0x08002b8e                __swrite
 .text.__sseek  0x08002bc6       0x26 /home/Aki/.config/Code - OSS/User/globalStorage/bmd.stm32-for-vscode/@xpack-dev-tools/arm-none-eabi-gcc/14.2.1-1.1.1/.content/bin/../lib/gcc/arm-none-eabi/14.2.1/../../../../arm-none-eabi/lib/thumb/v7e-m+fp/hard/libc_nano.a(libc_a-stdio.o)
                0x08002bc6                __sseek
 .text.__sclose
                0x08002bec        0x8 /home/Aki/.config/Code - OSS/User/globalStorage/bmd.stm32-for-vscode/@xpack-dev-tools/arm-none-eabi-gcc/14.2.1-1.1.1/.content/bin/../lib/gcc/arm-none-eabi/14.2.1/../../../../arm-none-eabi/lib/thumb/v7e-m+fp/hard/libc_nano.a(libc_a-stdio.o)
                0x08002bec                __sclose
 .text.memset   0x08002bf4       0x10 /home/Aki/.config/Code - OSS/User/globalStorage/bmd.stm32-for-vscode/@xpack-dev-tools/arm-none-eabi-gcc/14.2.1-1.1.1/.content/bin/../lib/gcc/arm-none-eabi/14.2.1/../../../../arm-none-eabi/lib/thumb/v7e-m+fp/hard/libc_nano.a(libc_a-memset.o)
                0x08002bf4                memset
 .text._close_r
                0x08002c04       0x20 /home/Aki/.config/Code - OSS/User/globalStorage/bmd.stm32-for-vscode/@xpack-dev-tools/arm-none-eabi-gcc/14.2.1-1.1.1/.content/bin/../lib/gcc/arm-none-eabi/14.2.1/../../../../arm-none-eabi/lib/thumb/v7e-m+fp/hard/libc_nano.a(libc_a-closer.o)
                0x08002c04                _close_r
 .text._lseek_r
                0x08002c24       0x24 /home/Aki/.config/Code - OSS/User/globalStorage/bmd.stm32-for-vscode/@xpack-dev-tools/arm-none-eabi-gcc/14.2.1-1.1.1/.content/bin/../lib/gcc/arm-none-eabi/14.2.1/../../../../arm-none-eabi/lib/thumb/v7e-m+fp/hard/libc_nano.a(libc_a-lseekr.o)
                0x08002c24                _lseek_r
 .text._read_r  0x08002c48       0x24 /home/Aki/.config/Code - OSS/User/globalStorage/bmd.stm32-for-vscode/@xpack-dev-tools/arm-none-eabi-gcc/14.2.1-1.1.1/.content/bin/../lib/gcc/arm-none-eabi/14.2.1/../../../../arm-none-eabi/lib/thumb/v7e-m+fp/hard/libc_nano.a(libc_a-readr.o)
                0x08002c48                _read_r
 .text._write_r
                0x08002c6c       0x24 /home/Aki/.config/Code - OSS/User/globalStorage/bmd.stm32-for-vscode/@xpack-dev-tools/arm-none-eabi-gcc/14.2.1-1.1.1/.content/bin/../lib/gcc/arm-none-eabi/14.2.1/../../../../arm-none-eabi/lib/thumb/v7e-m+fp/hard/libc_nano.a(libc_a-writer.o)
                0x08002c6c                _write_r
 .text.__errno  0x08002c90        0xc /home/Aki/.config/Code - OSS/User/globalStorage/bmd.stm32-for-vscode/@xpack-dev-tools/arm-none-eabi-gcc/14.2.1-1.1.1/.content/bin/../lib/gcc/arm-none-eabi/14.2.1/../../../../arm-none-eabi/lib/thumb/v7e-m+fp/hard/libc_nano.a(libc_a-errno.o)
                0x08002c90                __errno
 .text.__libc_init_array
                0x08002c9c       0x48 /home/Aki/.config/Code - OSS/User/globalStorage/bmd.stm32-for-vscode/@xpack-dev-tools/arm-none-eabi-gcc/14.2.1-1.1.1/.content/bin/../lib/gcc/arm-none-eabi/14.2.1/../../../../arm-none-eabi/lib/thumb/v7e-m+fp/hard/libc_nano.a(libc_a-init.o)
                0x08002c9c                __libc_init_array
 .text.__retarget_lock_init_recursive
                0x08002ce4        0x2 /home/Aki/.config/Code - OSS/User/globalStorage/bmd.stm32-for-vscode/@xpack-dev-tools/arm-none-eabi-gcc/14.2.1-1.1.1/.content/bin/../lib/gcc/arm-none-eabi/14.2.1/../../../../arm-none-eabi/lib/thumb/v7e-m+fp/hard/libc_nano.a(libc_a-lock.o)
                0x08002ce4                __retarget_lock_init_recursive
 .text.__retarget_lock_acquire_recursive
                0x08002ce6        0x2 /home/Aki/.config/Code - OSS/User/globalStorage/bmd.stm32-for-vscode/@xpack-dev-tools/arm-none-eabi-gcc/14.2.1-1.1.1/.content/bin/../lib/gcc/arm-none-eabi/14.2.1/../../../../arm-none-eabi/lib/thumb/v7e-m+fp/hard/libc_nano.a(libc_a-lock.o)
                0x08002ce6                __retarget_lock_acquire_recursive
 .text.__retarget_lock_release_recursive
                0x08002ce8        0x2 /home/Aki/.config/Code - OSS/User/globalStorage/bmd.stm32-for-vscode/@xpack-dev-tools/arm-none-eabi-gcc/14.2.1-1.1.1/.content/bin/../lib/gcc/arm-none-eabi/14.2.1/../../../../arm-none-eabi/lib/thumb/v7e-m+fp/hard/libc_nano.a(libc_a-lock.o)
                0x08002ce8                __retarget_lock_release_recursive
 *fill*         0x08002cea        0x2 
 .text._free_r  0x08002cec       0x94 /home/Aki/.config/Code - OSS/User/globalStorage/bmd.stm32-for-vscode/@xpack-dev-tools/arm-none-eabi-gcc/14.2.1-1.1.1/.content/bin/../lib/gcc/arm-none-eabi/14.2.1/../../../../arm-none-eabi/lib/thumb/v7e-m+fp/hard/libc_nano.a(libc_a-freer.o)
                0x08002cec                _free_r
 .text.sbrk_aligned
                0x08002d80       0x44 /home/Aki/.config/Code - OSS/User/globalStorage/bmd.stm32-for-vscode/@xpack-dev-tools/arm-none-eabi-gcc/14.2.1-1.1.1/.content/bin/../lib/gcc/arm-none-eabi/14.2.1/../../../../arm-none-eabi/lib/thumb/v7e-m+fp/hard/libc_nano.a(libc_a-mallocr.o)
 .text._malloc_r
                0x08002dc4      0x100 /home/Aki/.config/Code - OSS/User/globalStorage/bmd.stm32-for-vscode/@xpack-dev-tools/arm-none-eabi-gcc/14.2.1-1.1.1/.content/bin/../lib/gcc/arm-none-eabi/14.2.1/../../../../arm-none-eabi/lib/thumb/v7e-m+fp/hard/libc_nano.a(libc_a-mallocr.o)
                0x08002dc4                _malloc_r
 .text.__malloc_lock
                0x08002ec4        0xc /home/Aki/.config/Code - OSS/User/globalStorage/bmd.stm32-for-vscode/@xpack-dev-tools/arm-none-eabi-gcc/14.2.1-1.1.1/.content/bin/../lib/gcc/arm-none-eabi/14.2.1/../../../../arm-none-eabi/lib/thumb/v7e-m+fp/hard/libc_nano.a(libc_a-mlock.o)
                0x08002ec4                __malloc_lock
 .text.__malloc_unlock
                0x08002ed0        0xc /home/Aki/.config/Code - OSS/User/globalStorage/bmd.stm32-for-vscode/@xpack-dev-tools/arm-none-eabi-gcc/14.2.1-1.1.1/.content/bin/../lib/gcc/arm-none-eabi/14.2.1/../../../../arm-none-eabi/lib/thumb/v7e-m+fp/hard/libc_nano.a(libc_a-mlock.o)
                0x08002ed0                __malloc_unlock
 .text.__sfputc_r
                0x08002edc       0x2e /home/Aki/.config/Code - OSS/User/globalStorage/bmd.stm32-for-vscode/@xpack-dev-tools/arm-none-eabi-gcc/14.2.1-1.1.1/.content/bin/../lib/gcc/arm-none-eabi/14.2.1/../../../../arm-none-eabi/lib/thumb/v7e-m+fp/hard/libc_nano.a(libc_a-nano-vfprintf.o)
 .text.__sfputs_r
                0x08002f0a       0x24 /home/Aki/.config/Code - OSS/User/globalStorage/bmd.stm32-for-vscode/@xpack-dev-tools/arm-none-eabi-gcc/14.2.1-1.1.1/.content/bin/../lib/gcc/arm-none-eabi/14.2.1/../../../../arm-none-eabi/lib/thumb/v7e-m+fp/hard/libc_nano.a(libc_a-nano-vfprintf.o)
                0x08002f0a                __sfputs_r
 *fill*         0x08002f2e        0x2 
 .text._vfprintf_r
                0x08002f30      0x230 /home/Aki/.config/Code - OSS/User/globalStorage/bmd.stm32-for-vscode/@xpack-dev-tools/arm-none-eabi-gcc/14.2.1-1.1.1/.content/bin/../lib/gcc/arm-none-eabi/14.2.1/../../../../arm-none-eabi/lib/thumb/v7e-m+fp/hard/libc_nano.a(libc_a-nano-vfprintf.o)
                0x08002f30                _vfiprintf_r
                0x08002f30                _vfprintf_r
 .text._printf_common
                0x08003160       0xda /home/Aki/.config/Code - OSS/User/globalStorage/bmd.stm32-for-vscode/@xpack-dev-tools/arm-none-eabi-gcc/14.2.1-1.1.1/.content/bin/../lib/gcc/arm-none-eabi/14.2.1/../../../../arm-none-eabi/lib/thumb/v7e-m+fp/hard/libc_nano.a(libc_a-nano-vfprintf_i.o)
                0x08003160                _printf_common
 *fill*         0x0800323a        0x2 
 .text._printf_i
                0x0800323c      0x240 /home/Aki/.config/Code - OSS/User/globalStorage/bmd.stm32-for-vscode/@xpack-dev-tools/arm-none-eabi-gcc/14.2.1-1.1.1/.content/bin/../lib/gcc/arm-none-eabi/14.2.1/../../../../arm-none-eabi/lib/thumb/v7e-m+fp/hard/libc_nano.a(libc_a-nano-vfprintf_i.o)
                0x0800323c                _printf_i
 .text.__sflush_r
                0x0800347c      0x104 /home/Aki/.config/Code - OSS/User/globalStorage/bmd.stm32-for-vscode/@xpack-dev-tools/arm-none-eabi-gcc/14.2.1-1.1.1/.content/bin/../lib/gcc/arm-none-eabi/14.2.1/../../../../arm-none-eabi/lib/thumb/v7e-m+fp/hard/libc_nano.a(libc_a-fflush.o)
                0x0800347c                __sflush_r
 .text._fflush_r
                0x08003580       0x50 /home/Aki/.config/Code - OSS/User/globalStorage/bmd.stm32-for-vscode/@xpack-dev-tools/arm-none-eabi-gcc/14.2.1-1.1.1/.content/bin/../lib/gcc/arm-none-eabi/14.2.1/../../../../arm-none-eabi/lib/thumb/v7e-m+fp/hard/libc_nano.a(libc_a-fflush.o)
                0x08003580                _fflush_r
 .text.__swbuf_r
                0x080035d0       0x7c /home/Aki/.config/Code - OSS/User/globalStorage/bmd.stm32-for-vscode/@xpack-dev-tools/arm-none-eabi-gcc/14.2.1-1.1.1/.content/bin/../lib/gcc/arm-none-eabi/14.2.1/../../../../arm-none-eabi/lib/thumb/v7e-m+fp/hard/libc_nano.a(libc_a-wbuf.o)
                0x080035d0                __swbuf_r
 .text.__swsetup_r
                0x0800364c       0xa8 /home/Aki/.config/Code - OSS/User/globalStorage/bmd.stm32-for-vscode/@xpack-dev-tools/arm-none-eabi-gcc/14.2.1-1.1.1/.content/bin/../lib/gcc/arm-none-eabi/14.2.1/../../../../arm-none-eabi/lib/thumb/v7e-m+fp/hard/libc_nano.a(libc_a-wsetup.o)
                0x0800364c                __swsetup_r
 .text._sbrk_r  0x080036f4       0x20 /home/Aki/.config/Code - OSS/User/globalStorage/bmd.stm32-for-vscode/@xpack-dev-tools/arm-none-eabi-gcc/14.2.1-1.1.1/.content/bin/../lib/gcc/arm-none-eabi/14.2.1/../../../../arm-none-eabi/lib/thumb/v7e-m+fp/hard/libc_nano.a(libc_a-sbrkr.o)
                0x080036f4                _sbrk_r
 .text.__swhatbuf_r
                0x08003714       0x48 /home/Aki/.config/Code - OSS/User/globalStorage/bmd.stm32-for-vscode/@xpack-dev-tools/arm-none-eabi-gcc/14.2.1-1.1.1/.content/bin/../lib/gcc/arm-none-eabi/14.2.1/../../../../arm-none-eabi/lib/thumb/v7e-m+fp/hard/libc_nano.a(libc_a-makebuf.o)
                0x08003714                __swhatbuf_r
 .text.__smakebuf_r
                0x0800375c       0x72 /home/Aki/.config/Code - OSS/User/globalStorage/bmd.stm32-for-vscode/@xpack-dev-tools/arm-none-eabi-gcc/14.2.1-1.1.1/.content/bin/../lib/gcc/arm-none-eabi/14.2.1/../../../../arm-none-eabi/lib/thumb/v7e-m+fp/hard/libc_nano.a(libc_a-makebuf.o)
                0x0800375c                __smakebuf_r
 *fill*         0x080037ce        0x2 
 .text._fstat_r
                0x080037d0       0x24 /home/Aki/.config/Code - OSS/User/globalStorage/bmd.stm32-for-vscode/@xpack-dev-tools/arm-none-eabi-gcc/14.2.1-1.1.1/.content/bin/../lib/gcc/arm-none-eabi/14.2.1/../../../../arm-none-eabi/lib/thumb/v7e-m+fp/hard/libc_nano.a(libc_a-fstatr.o)
                0x080037d0                _fstat_r
 .text._isatty_r
                0x080037f4       0x20 /home/Aki/.config/Code - OSS/User/globalStorage/bmd.stm32-for-vscode/@xpack-dev-tools/arm-none-eabi-gcc/14.2.1-1.1.1/.content/bin/../lib/gcc/arm-none-eabi/14.2.1/../../../../arm-none-eabi/lib/thumb/v7e-m+fp/hard/libc_nano.a(libc_a-isattyr.o)
                0x080037f4                _isatty_r
 .text.__udivmoddi4
                0x08003814      0x2f8 /home/Aki/.config/Code - OSS/User/globalStorage/bmd.stm32-for-vscode/@xpack-dev-tools/arm-none-eabi-gcc/14.2.1-1.1.1/.content/bin/../lib/gcc/arm-none-eabi/14.2.1/thumb/v7e-m+fp/hard/libgcc.a(_udivmoddi4.o)
                0x08003814                __udivmoddi4
 *(.glue_7)
 .glue_7        0x08003b0c        0x0 linker stubs
 *(.glue_7t)
 .glue_7t       0x08003b0c        0x0 linker stubs
 *(.eh_frame)
 .eh_frame      0x08003b0c        0x0 /home/Aki/.config/Code - OSS/User/globalStorage/bmd.stm32-for-vscode/@xpack-dev-tools/arm-none-eabi-gcc/14.2.1-1.1.1/.content/bin/../lib/gcc/arm-none-eabi/14.2.1/thumb/v7e-m+fp/hard/crtbegin.o
 *(.init)
 .init          0x08003b0c        0x4 /home/Aki/.config/Code - OSS/User/globalStorage/bmd.stm32-for-vscode/@xpack-dev-tools/arm-none-eabi-gcc/14.2.1-1.1.1/.content/bin/../lib/gcc/arm-none-eabi/14.2.1/thumb/v7e-m+fp/hard/crti.o
                0x08003b0c                _init
 .init          0x08003b10        0x8 /home/Aki/.config/Code - OSS/User/globalStorage/bmd.stm32-for-vscode/@xpack-dev-tools/arm-none-eabi-gcc/14.2.1-1.1.1/.content/bin/../lib/gcc/arm-none-eabi/14.2.1/thumb/v7e-m+fp/hard/crtn.o
 *(.fini)
 .fini          0x08003b18        0x4 /home/Aki/.config/Code - OSS/User/globalStorage/bmd.stm32-for-vscode/@xpack-dev-tools/arm-none-eabi-gcc/14.2.1-1.1.1/.content/bin/../lib/gcc/arm-none-eabi/14.2.1/thumb/v7e-m+fp/hard/crti.o
                0x08003b18                _fini
 .fini          0x08003b1c        0x8 /home/Aki/.config/Code - OSS/User/globalStorage/bmd.stm32-for-vscode/@xpack-dev-tools/arm-none-eabi-gcc/14.2.1-1.1.1/.content/bin/../lib/gcc/arm-none-eabi/14.2.1/thumb/v7e-m+fp/hard/crtn.o
                0x08003b24                        . = ALIGN (0x4)
                0x08003b24                        _etext = .

.vfp11_veneer   0x08003b24        0x0
 .vfp11_veneer  0x08003b24        0x0 linker stubs

.v4_bx          0x08003b24        0x0
 .v4_bx         0x08003b24        0x0 linker stubs

.iplt           0x08003b24        0x0
 .iplt          0x08003b24        0x0 /home/Aki/.config/Code - OSS/User/globalStorage/bmd.stm32-for-vscode/@xpack-dev-tools/arm-none-eabi-gcc/14.2.1-1.1.1/.content/bin/../lib/gcc/arm-none-eabi/14.2.1/thumb/v7e-m+fp/hard/crtbegin.o

.rodata         0x08003b24       0xb0
                0x08003b24                        . = ALIGN (0x4)
 *(.rodata)
 .rodata        0x08003b24       0x26 build/debug/main.o
 *(.rodata*)
 *fill*         0x08003b4a        0x2 
 .rodata.UARTPrescTable
                0x08003b4c       0x18 build/debug/stm32g4xx_hal_uart.o
                0x08003b4c                UARTPrescTable
 .rodata.APBPrescTable
                0x08003b64        0x8 build/debug/system_stm32g4xx.o
                0x08003b64                APBPrescTable
 .rodata.AHBPrescTable
                0x08003b6c       0x10 build/debug/system_stm32g4xx.o
                0x08003b6c                AHBPrescTable
 .rodata.main.str1.4
                0x08003b7c       0x25 build/debug/main.o
 .rodata._vfprintf_r.str1.1
                0x08003ba1       0x33 /home/Aki/.config/Code - OSS/User/globalStorage/bmd.stm32-for-vscode/@xpack-dev-tools/arm-none-eabi-gcc/14.2.1-1.1.1/.content/bin/../lib/gcc/arm-none-eabi/14.2.1/../../../../arm-none-eabi/lib/thumb/v7e-m+fp/hard/libc_nano.a(libc_a-nano-vfprintf.o)
                                 0x11 (size before relaxing)
 .rodata._printf_i.str1.1
                0x08003bd4       0x22 /home/Aki/.config/Code - OSS/User/globalStorage/bmd.stm32-for-vscode/@xpack-dev-tools/arm-none-eabi-gcc/14.2.1-1.1.1/.content/bin/../lib/gcc/arm-none-eabi/14.2.1/../../../../arm-none-eabi/lib/thumb/v7e-m+fp/hard/libc_nano.a(libc_a-nano-vfprintf_i.o)
                0x08003bf8                        . = ALIGN (0x4)

.ARM.extab      0x08003bd4        0x0
                0x08003bd4                        . = ALIGN (0x4)
 *(.ARM.extab* .gnu.linkonce.armextab.*)
                0x08003bd4                        . = ALIGN (0x4)

.ARM            0x08003bd4        0x8
                0x08003bd4                        . = ALIGN (0x4)
                0x08003bd4                        __exidx_start = .
 *(.ARM.exidx*)
 .ARM.exidx     0x08003bd4        0x8 /home/Aki/.config/Code - OSS/User/globalStorage/bmd.stm32-for-vscode/@xpack-dev-tools/arm-none-eabi-gcc/14.2.1-1.1.1/.content/bin/../lib/gcc/arm-none-eabi/14.2.1/../../../../arm-none-eabi/lib/thumb/v7e-m+fp/hard/libc_nano.a(libc_a-memchr.o)
 .ARM.exidx.text.__udivmoddi4
                0x08003bdc        0x0 /home/Aki/.config/Code - OSS/User/globalStorage/bmd.stm32-for-vscode/@xpack-dev-tools/arm-none-eabi-gcc/14.2.1-1.1.1/.content/bin/../lib/gcc/arm-none-eabi/14.2.1/thumb/v7e-m+fp/hard/libgcc.a(_udivmoddi4.o)
                                  0x8 (size before relaxing)
                0x08003bdc                        __exidx_end = .
                0x08003bdc                        . = ALIGN (0x4)

.preinit_array  0x08003bdc        0x0
                0x08003bdc                        . = ALIGN (0x4)
                0x08003bdc                        PROVIDE (__preinit_array_start = .)
 *(.preinit_array*)
                0x08003bdc                        PROVIDE (__preinit_array_end = .)
                0x08003bdc                        . = ALIGN (0x4)

.init_array     0x08003bdc        0x4
                0x08003bdc                        . = ALIGN (0x4)
                0x08003bdc                        PROVIDE (__init_array_start = .)
 *(SORT_BY_NAME(.init_array.*))
 *(.init_array*)
 .init_array    0x08003bdc        0x4 /home/Aki/.config/Code - OSS/User/globalStorage/bmd.stm32-for-vscode/@xpack-dev-tools/arm-none-eabi-gcc/14.2.1-1.1.1/.content/bin/../lib/gcc/arm-none-eabi/14.2.1/thumb/v7e-m+fp/hard/crtbegin.o
                0x08003be0                        PROVIDE (__init_array_end = .)
                0x08003be0                        . = ALIGN (0x4)

.fini_array     0x08003be0        0x4
                0x08003be0                        . = ALIGN (0x4)
                0x08003be0                        PROVIDE (__fini_array_start = .)
 *(SORT_BY_NAME(.fini_array.*))
 *(.fini_array*)
 .fini_array    0x08003be0        0x4 /home/Aki/.config/Code - OSS/User/globalStorage/bmd.stm32-for-vscode/@xpack-dev-tools/arm-none-eabi-gcc/14.2.1-1.1.1/.content/bin/../lib/gcc/arm-none-eabi/14.2.1/thumb/v7e-m+fp/hard/crtbegin.o
                0x08003be4                        PROVIDE (__fini_array_end = .)
                0x08003be4                        . = ALIGN (0x4)
                0x08003be4                        _sidata = LOADADDR (.data)

.rel.dyn        0x08003be4        0x0
 .rel.iplt      0x08003be4        0x0 /home/Aki/.config/Code - OSS/User/globalStorage/bmd.stm32-for-vscode/@xpack-dev-tools/arm-none-eabi-gcc/14.2.1-1.1.1/.content/bin/../lib/gcc/arm-none-eabi/14.2.1/thumb/v7e-m+fp/hard/crtbegin.o

.data           0x20000000       0x68 load address 0x08003be4
                0x20000000                        . = ALIGN (0x4)
                0x20000000                        _sdata = .
 *(.data)
 *(.data*)
 .data.uwTickFreq
                0x20000000        0x4 build/debug/stm32g4xx_hal.o
                0x20000000                uwTickFreq
 .data.uwTickPrio
                0x20000004        0x4 build/debug/stm32g4xx_hal.o
                0x20000004                uwTickPrio
 .data.SystemCoreClock
                0x20000008        0x4 build/debug/system_stm32g4xx.o
                0x20000008                SystemCoreClock
 .data.__sglue  0x2000000c        0xc /home/Aki/.config/Code - OSS/User/globalStorage/bmd.stm32-for-vscode/@xpack-dev-tools/arm-none-eabi-gcc/14.2.1-1.1.1/.content/bin/../lib/gcc/arm-none-eabi/14.2.1/../../../../arm-none-eabi/lib/thumb/v7e-m+fp/hard/libc_nano.a(libc_a-findfp.o)
                0x2000000c                __sglue
 .data._impure_ptr
                0x20000018        0x4 /home/Aki/.config/Code - OSS/User/globalStorage/bmd.stm32-for-vscode/@xpack-dev-tools/arm-none-eabi-gcc/14.2.1-1.1.1/.content/bin/../lib/gcc/arm-none-eabi/14.2.1/../../../../arm-none-eabi/lib/thumb/v7e-m+fp/hard/libc_nano.a(libc_a-impure.o)
                0x20000018                _impure_ptr
 .data._impure_data
                0x2000001c       0x4c /home/Aki/.config/Code - OSS/User/globalStorage/bmd.stm32-for-vscode/@xpack-dev-tools/arm-none-eabi-gcc/14.2.1-1.1.1/.content/bin/../lib/gcc/arm-none-eabi/14.2.1/../../../../arm-none-eabi/lib/thumb/v7e-m+fp/hard/libc_nano.a(libc_a-impure.o)
                0x2000001c                _impure_data
 *(.RamFunc)
 *(.RamFunc*)
                0x20000068                        . = ALIGN (0x4)
                0x20000068                        _edata = .

.igot.plt       0x20000068        0x0 load address 0x08003c4c
 .igot.plt      0x20000068        0x0 /home/Aki/.config/Code - OSS/User/globalStorage/bmd.stm32-for-vscode/@xpack-dev-tools/arm-none-eabi-gcc/14.2.1-1.1.1/.content/bin/../lib/gcc/arm-none-eabi/14.2.1/thumb/v7e-m+fp/hard/crtbegin.o
                0x20000068                        . = ALIGN (0x4)

.bss            0x20000068      0x274 load address 0x08003c4c
                0x20000068                        _sbss = .
                0x20000068                        __bss_start__ = _sbss
 *(.bss)
 *(.bss*)
 .bss.completed.1
                0x20000068        0x1 /home/Aki/.config/Code - OSS/User/globalStorage/bmd.stm32-for-vscode/@xpack-dev-tools/arm-none-eabi-gcc/14.2.1-1.1.1/.content/bin/../lib/gcc/arm-none-eabi/14.2.1/thumb/v7e-m+fp/hard/crtbegin.o
 *fill*         0x20000069        0x3 
 .bss.object.0  0x2000006c       0x18 /home/Aki/.config/Code - OSS/User/globalStorage/bmd.stm32-for-vscode/@xpack-dev-tools/arm-none-eabi-gcc/14.2.1-1.1.1/.content/bin/../lib/gcc/arm-none-eabi/14.2.1/thumb/v7e-m+fp/hard/crtbegin.o
 .bss.uwTick    0x20000084        0x4 build/debug/stm32g4xx_hal.o
                0x20000084                uwTick
 .bss.COM_ActiveLogPort
                0x20000088        0x1 build/debug/stm32g4xx_nucleo.o
 *fill*         0x20000089        0x3 
 .bss.hcom_uart
                0x2000008c       0x94 build/debug/stm32g4xx_nucleo.o
                0x2000008c                hcom_uart
 .bss.hpb_exti  0x20000120        0x8 build/debug/stm32g4xx_nucleo.o
                0x20000120                hpb_exti
 .bss.__sbrk_heap_end
                0x20000128        0x4 build/debug/sysmem.o
 .bss.hi2c1     0x2000012c       0x54 build/debug/main.o
                0x2000012c                hi2c1
 .bss.BspCOMInit
                0x20000180       0x10 build/debug/main.o
                0x20000180                BspCOMInit
 .bss.__sf      0x20000190      0x138 /home/Aki/.config/Code - OSS/User/globalStorage/bmd.stm32-for-vscode/@xpack-dev-tools/arm-none-eabi-gcc/14.2.1-1.1.1/.content/bin/../lib/gcc/arm-none-eabi/14.2.1/../../../../arm-none-eabi/lib/thumb/v7e-m+fp/hard/libc_nano.a(libc_a-findfp.o)
                0x20000190                __sf
 .bss.__stdio_exit_handler
                0x200002c8        0x4 /home/Aki/.config/Code - OSS/User/globalStorage/bmd.stm32-for-vscode/@xpack-dev-tools/arm-none-eabi-gcc/14.2.1-1.1.1/.content/bin/../lib/gcc/arm-none-eabi/14.2.1/../../../../arm-none-eabi/lib/thumb/v7e-m+fp/hard/libc_nano.a(libc_a-findfp.o)
                0x200002c8                __stdio_exit_handler
 .bss.errno     0x200002cc        0x4 /home/Aki/.config/Code - OSS/User/globalStorage/bmd.stm32-for-vscode/@xpack-dev-tools/arm-none-eabi-gcc/14.2.1-1.1.1/.content/bin/../lib/gcc/arm-none-eabi/14.2.1/../../../../arm-none-eabi/lib/thumb/v7e-m+fp/hard/libc_nano.a(libc_a-reent.o)
                0x200002cc                errno
 .bss.__lock___malloc_recursive_mutex
                0x200002d0        0x1 /home/Aki/.config/Code - OSS/User/globalStorage/bmd.stm32-for-vscode/@xpack-dev-tools/arm-none-eabi-gcc/14.2.1-1.1.1/.content/bin/../lib/gcc/arm-none-eabi/14.2.1/../../../../arm-none-eabi/lib/thumb/v7e-m+fp/hard/libc_nano.a(libc_a-lock.o)
                0x200002d0                __lock___malloc_recursive_mutex
 .bss.__lock___sfp_recursive_mutex
                0x200002d1        0x1 /home/Aki/.config/Code - OSS/User/globalStorage/bmd.stm32-for-vscode/@xpack-dev-tools/arm-none-eabi-gcc/14.2.1-1.1.1/.content/bin/../lib/gcc/arm-none-eabi/14.2.1/../../../../arm-none-eabi/lib/thumb/v7e-m+fp/hard/libc_nano.a(libc_a-lock.o)
                0x200002d1                __lock___sfp_recursive_mutex
 *fill*         0x200002d2        0x2 
 .bss.__malloc_sbrk_start
                0x200002d4        0x4 /home/Aki/.config/Code - OSS/User/globalStorage/bmd.stm32-for-vscode/@xpack-dev-tools/arm-none-eabi-gcc/14.2.1-1.1.1/.content/bin/../lib/gcc/arm-none-eabi/14.2.1/../../../../arm-none-eabi/lib/thumb/v7e-m+fp/hard/libc_nano.a(libc_a-mallocr.o)
                0x200002d4                __malloc_sbrk_start
 .bss.__malloc_free_list
                0x200002d8        0x4 /home/Aki/.config/Code - OSS/User/globalStorage/bmd.stm32-for-vscode/@xpack-dev-tools/arm-none-eabi-gcc/14.2.1-1.1.1/.content/bin/../lib/gcc/arm-none-eabi/14.2.1/../../../../arm-none-eabi/lib/thumb/v7e-m+fp/hard/libc_nano.a(libc_a-mallocr.o)
                0x200002d8                __malloc_free_list
 *(COMMON)
                0x200002dc                        . = ALIGN (0x4)
                0x200002dc                        _ebss = .
                0x200002dc                        __bss_end__ = _ebss

._user_heap_stack
                0x200002dc      0x604 load address 0x08003c4c
                0x200002e0                        . = ALIGN (0x8)
 *fill*         0x200002dc        0x4 
                [!provide]                        PROVIDE (end = .)
                0x200002e0                        PROVIDE (_end = .)
                0x200004e0                        . = (. + _Min_Heap_Size)
 *fill*         0x200002e0      0x200 
                0x200008e0                        . = (. + _Min_Stack_Size)
 *fill*         0x200004e0      0x400 
                0x200008e0                        . = ALIGN (0x8)

/DISCARD/
 libc.a(*)
 libm.a(*)
 libgcc.a(*)
OUTPUT(build/debug/LSM6DSV80X-STM-Library.elf elf32-littlearm)
LOAD linker stubs
LOAD /home/Aki/.config/Code - OSS/User/globalStorage/bmd.stm32-for-vscode/@xpack-dev-tools/arm-none-eabi-gcc/14.2.1-1.1.1/.content/bin/../lib/gcc/arm-none-eabi/14.2.1/../../../../arm-none-eabi/lib/thumb/v7e-m+fp/hard/libc.a
LOAD /home/Aki/.config/Code - OSS/User/globalStorage/bmd.stm32-for-vscode/@xpack-dev-tools/arm-none-eabi-gcc/14.2.1-1.1.1/.content/bin/../lib/gcc/arm-none-eabi/14.2.1/../../../../arm-none-eabi/lib/thumb/v7e-m+fp/hard/libm.a
LOAD /home/Aki/.config/Code - OSS/User/globalStorage/bmd.stm32-for-vscode/@xpack-dev-tools/arm-none-eabi-gcc/14.2.1-1.1.1/.content/bin/../lib/gcc/arm-none-eabi/14.2.1/thumb/v7e-m+fp/hard/libgcc.a

.ARM.attributes
                0x00000000       0x30
 .ARM.attributes
                0x00000000       0x22 /home/Aki/.config/Code - OSS/User/globalStorage/bmd.stm32-for-vscode/@xpack-dev-tools/arm-none-eabi-gcc/14.2.1-1.1.1/.content/bin/../lib/gcc/arm-none-eabi/14.2.1/thumb/v7e-m+fp/hard/crti.o
 .ARM.attributes
                0x00000022       0x34 /home/Aki/.config/Code - OSS/User/globalStorage/bmd.stm32-for-vscode/@xpack-dev-tools/arm-none-eabi-gcc/14.2.1-1.1.1/.content/bin/../lib/gcc/arm-none-eabi/14.2.1/thumb/v7e-m+fp/hard/crtbegin.o
 .ARM.attributes
                0x00000056       0x34 build/debug/stm32g4xx_hal.o
 .ARM.attributes
                0x0000008a       0x34 build/debug/stm32g4xx_hal_cortex.o
 .ARM.attributes
                0x000000be       0x34 build/debug/stm32g4xx_hal_exti.o
 .ARM.attributes
                0x000000f2       0x34 build/debug/stm32g4xx_hal_gpio.o
 .ARM.attributes
                0x00000126       0x34 build/debug/stm32g4xx_hal_i2c.o
 .ARM.attributes
                0x0000015a       0x34 build/debug/stm32g4xx_hal_i2c_ex.o
 .ARM.attributes
                0x0000018e       0x34 build/debug/stm32g4xx_hal_msp.o
 .ARM.attributes
                0x000001c2       0x34 build/debug/stm32g4xx_hal_pwr_ex.o
 .ARM.attributes
                0x000001f6       0x34 build/debug/stm32g4xx_hal_rcc.o
 .ARM.attributes
                0x0000022a       0x34 build/debug/stm32g4xx_hal_rcc_ex.o
 .ARM.attributes
                0x0000025e       0x34 build/debug/stm32g4xx_hal_uart.o
 .ARM.attributes
                0x00000292       0x34 build/debug/stm32g4xx_it.o
 .ARM.attributes
                0x000002c6       0x34 build/debug/stm32g4xx_nucleo.o
 .ARM.attributes
                0x000002fa       0x34 build/debug/syscalls.o
 .ARM.attributes
                0x0000032e       0x34 build/debug/sysmem.o
 .ARM.attributes
                0x00000362       0x34 build/debug/system_stm32g4xx.o
 .ARM.attributes
                0x00000396       0x34 build/debug/main.o
 .ARM.attributes
                0x000003ca       0x21 build/debug/startup_stm32g474xx.o
 .ARM.attributes
                0x000003eb       0x34 /home/Aki/.config/Code - OSS/User/globalStorage/bmd.stm32-for-vscode/@xpack-dev-tools/arm-none-eabi-gcc/14.2.1-1.1.1/.content/bin/../lib/gcc/arm-none-eabi/14.2.1/../../../../arm-none-eabi/lib/thumb/v7e-m+fp/hard/libc_nano.a(libc_a-findfp.o)
 .ARM.attributes
                0x0000041f       0x34 /home/Aki/.config/Code - OSS/User/globalStorage/bmd.stm32-for-vscode/@xpack-dev-tools/arm-none-eabi-gcc/14.2.1-1.1.1/.content/bin/../lib/gcc/arm-none-eabi/14.2.1/../../../../arm-none-eabi/lib/thumb/v7e-m+fp/hard/libc_nano.a(libc_a-fwalk.o)
 .ARM.attributes
                0x00000453       0x34 /home/Aki/.config/Code - OSS/User/globalStorage/bmd.stm32-for-vscode/@xpack-dev-tools/arm-none-eabi-gcc/14.2.1-1.1.1/.content/bin/../lib/gcc/arm-none-eabi/14.2.1/../../../../arm-none-eabi/lib/thumb/v7e-m+fp/hard/libc_nano.a(libc_a-printf.o)
 .ARM.attributes
                0x00000487       0x34 /home/Aki/.config/Code - OSS/User/globalStorage/bmd.stm32-for-vscode/@xpack-dev-tools/arm-none-eabi-gcc/14.2.1-1.1.1/.content/bin/../lib/gcc/arm-none-eabi/14.2.1/../../../../arm-none-eabi/lib/thumb/v7e-m+fp/hard/libc_nano.a(libc_a-stdio.o)
 .ARM.attributes
                0x000004bb       0x34 /home/Aki/.config/Code - OSS/User/globalStorage/bmd.stm32-for-vscode/@xpack-dev-tools/arm-none-eabi-gcc/14.2.1-1.1.1/.content/bin/../lib/gcc/arm-none-eabi/14.2.1/../../../../arm-none-eabi/lib/thumb/v7e-m+fp/hard/libc_nano.a(libc_a-memset.o)
 .ARM.attributes
                0x000004ef       0x34 /home/Aki/.config/Code - OSS/User/globalStorage/bmd.stm32-for-vscode/@xpack-dev-tools/arm-none-eabi-gcc/14.2.1-1.1.1/.content/bin/../lib/gcc/arm-none-eabi/14.2.1/../../../../arm-none-eabi/lib/thumb/v7e-m+fp/hard/libc_nano.a(libc_a-closer.o)
 .ARM.attributes
                0x00000523       0x34 /home/Aki/.config/Code - OSS/User/globalStorage/bmd.stm32-for-vscode/@xpack-dev-tools/arm-none-eabi-gcc/14.2.1-1.1.1/.content/bin/../lib/gcc/arm-none-eabi/14.2.1/../../../../arm-none-eabi/lib/thumb/v7e-m+fp/hard/libc_nano.a(libc_a-reent.o)
 .ARM.attributes
                0x00000557       0x34 /home/Aki/.config/Code - OSS/User/globalStorage/bmd.stm32-for-vscode/@xpack-dev-tools/arm-none-eabi-gcc/14.2.1-1.1.1/.content/bin/../lib/gcc/arm-none-eabi/14.2.1/../../../../arm-none-eabi/lib/thumb/v7e-m+fp/hard/libc_nano.a(libc_a-impure.o)
 .ARM.attributes
                0x0000058b       0x34 /home/Aki/.config/Code - OSS/User/globalStorage/bmd.stm32-for-vscode/@xpack-dev-tools/arm-none-eabi-gcc/14.2.1-1.1.1/.content/bin/../lib/gcc/arm-none-eabi/14.2.1/../../../../arm-none-eabi/lib/thumb/v7e-m+fp/hard/libc_nano.a(libc_a-lseekr.o)
 .ARM.attributes
                0x000005bf       0x34 /home/Aki/.config/Code - OSS/User/globalStorage/bmd.stm32-for-vscode/@xpack-dev-tools/arm-none-eabi-gcc/14.2.1-1.1.1/.content/bin/../lib/gcc/arm-none-eabi/14.2.1/../../../../arm-none-eabi/lib/thumb/v7e-m+fp/hard/libc_nano.a(libc_a-readr.o)
 .ARM.attributes
                0x000005f3       0x34 /home/Aki/.config/Code - OSS/User/globalStorage/bmd.stm32-for-vscode/@xpack-dev-tools/arm-none-eabi-gcc/14.2.1-1.1.1/.content/bin/../lib/gcc/arm-none-eabi/14.2.1/../../../../arm-none-eabi/lib/thumb/v7e-m+fp/hard/libc_nano.a(libc_a-writer.o)
 .ARM.attributes
                0x00000627       0x34 /home/Aki/.config/Code - OSS/User/globalStorage/bmd.stm32-for-vscode/@xpack-dev-tools/arm-none-eabi-gcc/14.2.1-1.1.1/.content/bin/../lib/gcc/arm-none-eabi/14.2.1/../../../../arm-none-eabi/lib/thumb/v7e-m+fp/hard/libc_nano.a(libc_a-errno.o)
 .ARM.attributes
                0x0000065b       0x34 /home/Aki/.config/Code - OSS/User/globalStorage/bmd.stm32-for-vscode/@xpack-dev-tools/arm-none-eabi-gcc/14.2.1-1.1.1/.content/bin/../lib/gcc/arm-none-eabi/14.2.1/../../../../arm-none-eabi/lib/thumb/v7e-m+fp/hard/libc_nano.a(libc_a-init.o)
 .ARM.attributes
                0x0000068f       0x34 /home/Aki/.config/Code - OSS/User/globalStorage/bmd.stm32-for-vscode/@xpack-dev-tools/arm-none-eabi-gcc/14.2.1-1.1.1/.content/bin/../lib/gcc/arm-none-eabi/14.2.1/../../../../arm-none-eabi/lib/thumb/v7e-m+fp/hard/libc_nano.a(libc_a-lock.o)
 .ARM.attributes
                0x000006c3       0x34 /home/Aki/.config/Code - OSS/User/globalStorage/bmd.stm32-for-vscode/@xpack-dev-tools/arm-none-eabi-gcc/14.2.1-1.1.1/.content/bin/../lib/gcc/arm-none-eabi/14.2.1/../../../../arm-none-eabi/lib/thumb/v7e-m+fp/hard/libc_nano.a(libc_a-freer.o)
 .ARM.attributes
                0x000006f7       0x34 /home/Aki/.config/Code - OSS/User/globalStorage/bmd.stm32-for-vscode/@xpack-dev-tools/arm-none-eabi-gcc/14.2.1-1.1.1/.content/bin/../lib/gcc/arm-none-eabi/14.2.1/../../../../arm-none-eabi/lib/thumb/v7e-m+fp/hard/libc_nano.a(libc_a-mallocr.o)
 .ARM.attributes
                0x0000072b       0x34 /home/Aki/.config/Code - OSS/User/globalStorage/bmd.stm32-for-vscode/@xpack-dev-tools/arm-none-eabi-gcc/14.2.1-1.1.1/.content/bin/../lib/gcc/arm-none-eabi/14.2.1/../../../../arm-none-eabi/lib/thumb/v7e-m+fp/hard/libc_nano.a(libc_a-mlock.o)
 .ARM.attributes
                0x0000075f       0x34 /home/Aki/.config/Code - OSS/User/globalStorage/bmd.stm32-for-vscode/@xpack-dev-tools/arm-none-eabi-gcc/14.2.1-1.1.1/.content/bin/../lib/gcc/arm-none-eabi/14.2.1/../../../../arm-none-eabi/lib/thumb/v7e-m+fp/hard/libc_nano.a(libc_a-nano-vfprintf.o)
 .ARM.attributes
                0x00000793       0x34 /home/Aki/.config/Code - OSS/User/globalStorage/bmd.stm32-for-vscode/@xpack-dev-tools/arm-none-eabi-gcc/14.2.1-1.1.1/.content/bin/../lib/gcc/arm-none-eabi/14.2.1/../../../../arm-none-eabi/lib/thumb/v7e-m+fp/hard/libc_nano.a(libc_a-nano-vfprintf_i.o)
 .ARM.attributes
                0x000007c7       0x34 /home/Aki/.config/Code - OSS/User/globalStorage/bmd.stm32-for-vscode/@xpack-dev-tools/arm-none-eabi-gcc/14.2.1-1.1.1/.content/bin/../lib/gcc/arm-none-eabi/14.2.1/../../../../arm-none-eabi/lib/thumb/v7e-m+fp/hard/libc_nano.a(libc_a-fflush.o)
 .ARM.attributes
                0x000007fb       0x34 /home/Aki/.config/Code - OSS/User/globalStorage/bmd.stm32-for-vscode/@xpack-dev-tools/arm-none-eabi-gcc/14.2.1-1.1.1/.content/bin/../lib/gcc/arm-none-eabi/14.2.1/../../../../arm-none-eabi/lib/thumb/v7e-m+fp/hard/libc_nano.a(libc_a-wbuf.o)
 .ARM.attributes
                0x0000082f       0x34 /home/Aki/.config/Code - OSS/User/globalStorage/bmd.stm32-for-vscode/@xpack-dev-tools/arm-none-eabi-gcc/14.2.1-1.1.1/.content/bin/../lib/gcc/arm-none-eabi/14.2.1/../../../../arm-none-eabi/lib/thumb/v7e-m+fp/hard/libc_nano.a(libc_a-wsetup.o)
 .ARM.attributes
                0x00000863       0x34 /home/Aki/.config/Code - OSS/User/globalStorage/bmd.stm32-for-vscode/@xpack-dev-tools/arm-none-eabi-gcc/14.2.1-1.1.1/.content/bin/../lib/gcc/arm-none-eabi/14.2.1/../../../../arm-none-eabi/lib/thumb/v7e-m+fp/hard/libc_nano.a(libc_a-sbrkr.o)
 .ARM.attributes
                0x00000897       0x1c /home/Aki/.config/Code - OSS/User/globalStorage/bmd.stm32-for-vscode/@xpack-dev-tools/arm-none-eabi-gcc/14.2.1-1.1.1/.content/bin/../lib/gcc/arm-none-eabi/14.2.1/../../../../arm-none-eabi/lib/thumb/v7e-m+fp/hard/libc_nano.a(libc_a-memchr.o)
 .ARM.attributes
                0x000008b3       0x34 /home/Aki/.config/Code - OSS/User/globalStorage/bmd.stm32-for-vscode/@xpack-dev-tools/arm-none-eabi-gcc/14.2.1-1.1.1/.content/bin/../lib/gcc/arm-none-eabi/14.2.1/../../../../arm-none-eabi/lib/thumb/v7e-m+fp/hard/libc_nano.a(libc_a-makebuf.o)
 .ARM.attributes
                0x000008e7       0x34 /home/Aki/.config/Code - OSS/User/globalStorage/bmd.stm32-for-vscode/@xpack-dev-tools/arm-none-eabi-gcc/14.2.1-1.1.1/.content/bin/../lib/gcc/arm-none-eabi/14.2.1/../../../../arm-none-eabi/lib/thumb/v7e-m+fp/hard/libc_nano.a(libc_a-fstatr.o)
 .ARM.attributes
                0x0000091b       0x34 /home/Aki/.config/Code - OSS/User/globalStorage/bmd.stm32-for-vscode/@xpack-dev-tools/arm-none-eabi-gcc/14.2.1-1.1.1/.content/bin/../lib/gcc/arm-none-eabi/14.2.1/../../../../arm-none-eabi/lib/thumb/v7e-m+fp/hard/libc_nano.a(libc_a-isattyr.o)
 .ARM.attributes
                0x0000094f       0x22 /home/Aki/.config/Code - OSS/User/globalStorage/bmd.stm32-for-vscode/@xpack-dev-tools/arm-none-eabi-gcc/14.2.1-1.1.1/.content/bin/../lib/gcc/arm-none-eabi/14.2.1/thumb/v7e-m+fp/hard/libgcc.a(_aeabi_uldivmod.o)
 .ARM.attributes
                0x00000971       0x34 /home/Aki/.config/Code - OSS/User/globalStorage/bmd.stm32-for-vscode/@xpack-dev-tools/arm-none-eabi-gcc/14.2.1-1.1.1/.content/bin/../lib/gcc/arm-none-eabi/14.2.1/thumb/v7e-m+fp/hard/libgcc.a(_udivmoddi4.o)
 .ARM.attributes
                0x000009a5       0x22 /home/Aki/.config/Code - OSS/User/globalStorage/bmd.stm32-for-vscode/@xpack-dev-tools/arm-none-eabi-gcc/14.2.1-1.1.1/.content/bin/../lib/gcc/arm-none-eabi/14.2.1/thumb/v7e-m+fp/hard/libgcc.a(_dvmd_tls.o)
 .ARM.attributes
                0x000009c7       0x22 /home/Aki/.config/Code - OSS/User/globalStorage/bmd.stm32-for-vscode/@xpack-dev-tools/arm-none-eabi-gcc/14.2.1-1.1.1/.content/bin/../lib/gcc/arm-none-eabi/14.2.1/thumb/v7e-m+fp/hard/crtn.o

.comment        0x00000000       0x39
 .comment       0x00000000       0x39 /home/Aki/.config/Code - OSS/User/globalStorage/bmd.stm32-for-vscode/@xpack-dev-tools/arm-none-eabi-gcc/14.2.1-1.1.1/.content/bin/../lib/gcc/arm-none-eabi/14.2.1/thumb/v7e-m+fp/hard/crtbegin.o
                                 0x3a (size before relaxing)
 .comment       0x00000039       0x3a build/debug/stm32g4xx_hal.o
 .comment       0x00000039       0x3a build/debug/stm32g4xx_hal_cortex.o
 .comment       0x00000039       0x3a build/debug/stm32g4xx_hal_exti.o
 .comment       0x00000039       0x3a build/debug/stm32g4xx_hal_gpio.o
 .comment       0x00000039       0x3a build/debug/stm32g4xx_hal_i2c.o
 .comment       0x00000039       0x3a build/debug/stm32g4xx_hal_i2c_ex.o
 .comment       0x00000039       0x3a build/debug/stm32g4xx_hal_msp.o
 .comment       0x00000039       0x3a build/debug/stm32g4xx_hal_pwr_ex.o
 .comment       0x00000039       0x3a build/debug/stm32g4xx_hal_rcc.o
 .comment       0x00000039       0x3a build/debug/stm32g4xx_hal_rcc_ex.o
 .comment       0x00000039       0x3a build/debug/stm32g4xx_hal_uart.o
 .comment       0x00000039       0x3a build/debug/stm32g4xx_it.o
 .comment       0x00000039       0x3a build/debug/stm32g4xx_nucleo.o
 .comment       0x00000039       0x3a build/debug/syscalls.o
 .comment       0x00000039       0x3a build/debug/sysmem.o
 .comment       0x00000039       0x3a build/debug/system_stm32g4xx.o
 .comment       0x00000039       0x3a build/debug/main.o
 .comment       0x00000039       0x3a /home/Aki/.config/Code - OSS/User/globalStorage/bmd.stm32-for-vscode/@xpack-dev-tools/arm-none-eabi-gcc/14.2.1-1.1.1/.content/bin/../lib/gcc/arm-none-eabi/14.2.1/../../../../arm-none-eabi/lib/thumb/v7e-m+fp/hard/libc_nano.a(libc_a-findfp.o)
 .comment       0x00000039       0x3a /home/Aki/.config/Code - OSS/User/globalStorage/bmd.stm32-for-vscode/@xpack-dev-tools/arm-none-eabi-gcc/14.2.1-1.1.1/.content/bin/../lib/gcc/arm-none-eabi/14.2.1/../../../../arm-none-eabi/lib/thumb/v7e-m+fp/hard/libc_nano.a(libc_a-fwalk.o)
 .comment       0x00000039       0x3a /home/Aki/.config/Code - OSS/User/globalStorage/bmd.stm32-for-vscode/@xpack-dev-tools/arm-none-eabi-gcc/14.2.1-1.1.1/.content/bin/../lib/gcc/arm-none-eabi/14.2.1/../../../../arm-none-eabi/lib/thumb/v7e-m+fp/hard/libc_nano.a(libc_a-printf.o)
 .comment       0x00000039       0x3a /home/Aki/.config/Code - OSS/User/globalStorage/bmd.stm32-for-vscode/@xpack-dev-tools/arm-none-eabi-gcc/14.2.1-1.1.1/.content/bin/../lib/gcc/arm-none-eabi/14.2.1/../../../../arm-none-eabi/lib/thumb/v7e-m+fp/hard/libc_nano.a(libc_a-stdio.o)
 .comment       0x00000039       0x3a /home/Aki/.config/Code - OSS/User/globalStorage/bmd.stm32-for-vscode/@xpack-dev-tools/arm-none-eabi-gcc/14.2.1-1.1.1/.content/bin/../lib/gcc/arm-none-eabi/14.2.1/../../../../arm-none-eabi/lib/thumb/v7e-m+fp/hard/libc_nano.a(libc_a-memset.o)
 .comment       0x00000039       0x3a /home/Aki/.config/Code - OSS/User/globalStorage/bmd.stm32-for-vscode/@xpack-dev-tools/arm-none-eabi-gcc/14.2.1-1.1.1/.content/bin/../lib/gcc/arm-none-eabi/14.2.1/../../../../arm-none-eabi/lib/thumb/v7e-m+fp/hard/libc_nano.a(libc_a-closer.o)
 .comment       0x00000039       0x3a /home/Aki/.config/Code - OSS/User/globalStorage/bmd.stm32-for-vscode/@xpack-dev-tools/arm-none-eabi-gcc/14.2.1-1.1.1/.content/bin/../lib/gcc/arm-none-eabi/14.2.1/../../../../arm-none-eabi/lib/thumb/v7e-m+fp/hard/libc_nano.a(libc_a-reent.o)
 .comment       0x00000039       0x3a /home/Aki/.config/Code - OSS/User/globalStorage/bmd.stm32-for-vscode/@xpack-dev-tools/arm-none-eabi-gcc/14.2.1-1.1.1/.content/bin/../lib/gcc/arm-none-eabi/14.2.1/../../../../arm-none-eabi/lib/thumb/v7e-m+fp/hard/libc_nano.a(libc_a-impure.o)
 .comment       0x00000039       0x3a /home/Aki/.config/Code - OSS/User/globalStorage/bmd.stm32-for-vscode/@xpack-dev-tools/arm-none-eabi-gcc/14.2.1-1.1.1/.content/bin/../lib/gcc/arm-none-eabi/14.2.1/../../../../arm-none-eabi/lib/thumb/v7e-m+fp/hard/libc_nano.a(libc_a-lseekr.o)
 .comment       0x00000039       0x3a /home/Aki/.config/Code - OSS/User/globalStorage/bmd.stm32-for-vscode/@xpack-dev-tools/arm-none-eabi-gcc/14.2.1-1.1.1/.content/bin/../lib/gcc/arm-none-eabi/14.2.1/../../../../arm-none-eabi/lib/thumb/v7e-m+fp/hard/libc_nano.a(libc_a-readr.o)
 .comment       0x00000039       0x3a /home/Aki/.config/Code - OSS/User/globalStorage/bmd.stm32-for-vscode/@xpack-dev-tools/arm-none-eabi-gcc/14.2.1-1.1.1/.content/bin/../lib/gcc/arm-none-eabi/14.2.1/../../../../arm-none-eabi/lib/thumb/v7e-m+fp/hard/libc_nano.a(libc_a-writer.o)
 .comment       0x00000039       0x3a /home/Aki/.config/Code - OSS/User/globalStorage/bmd.stm32-for-vscode/@xpack-dev-tools/arm-none-eabi-gcc/14.2.1-1.1.1/.content/bin/../lib/gcc/arm-none-eabi/14.2.1/../../../../arm-none-eabi/lib/thumb/v7e-m+fp/hard/libc_nano.a(libc_a-errno.o)
 .comment       0x00000039       0x3a /home/Aki/.config/Code - OSS/User/globalStorage/bmd.stm32-for-vscode/@xpack-dev-tools/arm-none-eabi-gcc/14.2.1-1.1.1/.content/bin/../lib/gcc/arm-none-eabi/14.2.1/../../../../arm-none-eabi/lib/thumb/v7e-m+fp/hard/libc_nano.a(libc_a-init.o)
 .comment       0x00000039       0x3a /home/Aki/.config/Code - OSS/User/globalStorage/bmd.stm32-for-vscode/@xpack-dev-tools/arm-none-eabi-gcc/14.2.1-1.1.1/.content/bin/../lib/gcc/arm-none-eabi/14.2.1/../../../../arm-none-eabi/lib/thumb/v7e-m+fp/hard/libc_nano.a(libc_a-lock.o)
 .comment       0x00000039       0x3a /home/Aki/.config/Code - OSS/User/globalStorage/bmd.stm32-for-vscode/@xpack-dev-tools/arm-none-eabi-gcc/14.2.1-1.1.1/.content/bin/../lib/gcc/arm-none-eabi/14.2.1/../../../../arm-none-eabi/lib/thumb/v7e-m+fp/hard/libc_nano.a(libc_a-freer.o)
 .comment       0x00000039       0x3a /home/Aki/.config/Code - OSS/User/globalStorage/bmd.stm32-for-vscode/@xpack-dev-tools/arm-none-eabi-gcc/14.2.1-1.1.1/.content/bin/../lib/gcc/arm-none-eabi/14.2.1/../../../../arm-none-eabi/lib/thumb/v7e-m+fp/hard/libc_nano.a(libc_a-mallocr.o)
 .comment       0x00000039       0x3a /home/Aki/.config/Code - OSS/User/globalStorage/bmd.stm32-for-vscode/@xpack-dev-tools/arm-none-eabi-gcc/14.2.1-1.1.1/.content/bin/../lib/gcc/arm-none-eabi/14.2.1/../../../../arm-none-eabi/lib/thumb/v7e-m+fp/hard/libc_nano.a(libc_a-mlock.o)
 .comment       0x00000039       0x3a /home/Aki/.config/Code - OSS/User/globalStorage/bmd.stm32-for-vscode/@xpack-dev-tools/arm-none-eabi-gcc/14.2.1-1.1.1/.content/bin/../lib/gcc/arm-none-eabi/14.2.1/../../../../arm-none-eabi/lib/thumb/v7e-m+fp/hard/libc_nano.a(libc_a-nano-vfprintf.o)
 .comment       0x00000039       0x3a /home/Aki/.config/Code - OSS/User/globalStorage/bmd.stm32-for-vscode/@xpack-dev-tools/arm-none-eabi-gcc/14.2.1-1.1.1/.content/bin/../lib/gcc/arm-none-eabi/14.2.1/../../../../arm-none-eabi/lib/thumb/v7e-m+fp/hard/libc_nano.a(libc_a-nano-vfprintf_i.o)
 .comment       0x00000039       0x3a /home/Aki/.config/Code - OSS/User/globalStorage/bmd.stm32-for-vscode/@xpack-dev-tools/arm-none-eabi-gcc/14.2.1-1.1.1/.content/bin/../lib/gcc/arm-none-eabi/14.2.1/../../../../arm-none-eabi/lib/thumb/v7e-m+fp/hard/libc_nano.a(libc_a-fflush.o)
 .comment       0x00000039       0x3a /home/Aki/.config/Code - OSS/User/globalStorage/bmd.stm32-for-vscode/@xpack-dev-tools/arm-none-eabi-gcc/14.2.1-1.1.1/.content/bin/../lib/gcc/arm-none-eabi/14.2.1/../../../../arm-none-eabi/lib/thumb/v7e-m+fp/hard/libc_nano.a(libc_a-wbuf.o)
 .comment       0x00000039       0x3a /home/Aki/.config/Code - OSS/User/globalStorage/bmd.stm32-for-vscode/@xpack-dev-tools/arm-none-eabi-gcc/14.2.1-1.1.1/.content/bin/../lib/gcc/arm-none-eabi/14.2.1/../../../../arm-none-eabi/lib/thumb/v7e-m+fp/hard/libc_nano.a(libc_a-wsetup.o)
 .comment       0x00000039       0x3a /home/Aki/.config/Code - OSS/User/globalStorage/bmd.stm32-for-vscode/@xpack-dev-tools/arm-none-eabi-gcc/14.2.1-1.1.1/.content/bin/../lib/gcc/arm-none-eabi/14.2.1/../../../../arm-none-eabi/lib/thumb/v7e-m+fp/hard/libc_nano.a(libc_a-sbrkr.o)
 .comment       0x00000039       0x3a /home/Aki/.config/Code - OSS/User/globalStorage/bmd.stm32-for-vscode/@xpack-dev-tools/arm-none-eabi-gcc/14.2.1-1.1.1/.content/bin/../lib/gcc/arm-none-eabi/14.2.1/../../../../arm-none-eabi/lib/thumb/v7e-m+fp/hard/libc_nano.a(libc_a-makebuf.o)
 .comment       0x00000039       0x3a /home/Aki/.config/Code - OSS/User/globalStorage/bmd.stm32-for-vscode/@xpack-dev-tools/arm-none-eabi-gcc/14.2.1-1.1.1/.content/bin/../lib/gcc/arm-none-eabi/14.2.1/../../../../arm-none-eabi/lib/thumb/v7e-m+fp/hard/libc_nano.a(libc_a-fstatr.o)
 .comment       0x00000039       0x3a /home/Aki/.config/Code - OSS/User/globalStorage/bmd.stm32-for-vscode/@xpack-dev-tools/arm-none-eabi-gcc/14.2.1-1.1.1/.content/bin/../lib/gcc/arm-none-eabi/14.2.1/../../../../arm-none-eabi/lib/thumb/v7e-m+fp/hard/libc_nano.a(libc_a-isattyr.o)
 .comment       0x00000039       0x3a /home/Aki/.config/Code - OSS/User/globalStorage/bmd.stm32-for-vscode/@xpack-dev-tools/arm-none-eabi-gcc/14.2.1-1.1.1/.content/bin/../lib/gcc/arm-none-eabi/14.2.1/thumb/v7e-m+fp/hard/libgcc.a(_udivmoddi4.o)

.debug_info     0x00000000    0x14e91
 .debug_info    0x00000000      0xc4e build/debug/stm32g4xx_hal.o
 .debug_info    0x00000c4e     0x1062 build/debug/stm32g4xx_hal_cortex.o
 .debug_info    0x00001cb0      0x700 build/debug/stm32g4xx_hal_exti.o
 .debug_info    0x000023b0      0x795 build/debug/stm32g4xx_hal_gpio.o
 .debug_info    0x00002b45     0x4409 build/debug/stm32g4xx_hal_i2c.o
 .debug_info    0x00006f4e      0xaf3 build/debug/stm32g4xx_hal_i2c_ex.o
 .debug_info    0x00007a41      0xd37 build/debug/stm32g4xx_hal_msp.o
 .debug_info    0x00008778      0x9bd build/debug/stm32g4xx_hal_pwr_ex.o
 .debug_info    0x00009135      0xe3f build/debug/stm32g4xx_hal_rcc.o
 .debug_info    0x00009f74      0xe5a build/debug/stm32g4xx_hal_rcc_ex.o
 .debug_info    0x0000adce     0x620a build/debug/stm32g4xx_hal_uart.o
 .debug_info    0x00010fd8      0x180 build/debug/stm32g4xx_it.o
 .debug_info    0x00011158     0x1a70 build/debug/stm32g4xx_nucleo.o
 .debug_info    0x00012bc8      0x793 build/debug/syscalls.o
 .debug_info    0x0001335b      0x171 build/debug/sysmem.o
 .debug_info    0x000134cc      0x5a3 build/debug/system_stm32g4xx.o
 .debug_info    0x00013a6f     0x13f2 build/debug/main.o
 .debug_info    0x00014e61       0x30 build/debug/startup_stm32g474xx.o

.debug_abbrev   0x00000000     0x25a0
 .debug_abbrev  0x00000000      0x27d build/debug/stm32g4xx_hal.o
 .debug_abbrev  0x0000027d      0x390 build/debug/stm32g4xx_hal_cortex.o
 .debug_abbrev  0x0000060d      0x1c4 build/debug/stm32g4xx_hal_exti.o
 .debug_abbrev  0x000007d1      0x1f9 build/debug/stm32g4xx_hal_gpio.o
 .debug_abbrev  0x000009ca      0x297 build/debug/stm32g4xx_hal_i2c.o
 .debug_abbrev  0x00000c61      0x1c4 build/debug/stm32g4xx_hal_i2c_ex.o
 .debug_abbrev  0x00000e25      0x200 build/debug/stm32g4xx_hal_msp.o
 .debug_abbrev  0x00001025      0x249 build/debug/stm32g4xx_hal_pwr_ex.o
 .debug_abbrev  0x0000126e      0x2ab build/debug/stm32g4xx_hal_rcc.o
 .debug_abbrev  0x00001519      0x27f build/debug/stm32g4xx_hal_rcc_ex.o
 .debug_abbrev  0x00001798      0x32e build/debug/stm32g4xx_hal_uart.o
 .debug_abbrev  0x00001ac6       0xd7 build/debug/stm32g4xx_it.o
 .debug_abbrev  0x00001b9d      0x321 build/debug/stm32g4xx_nucleo.o
 .debug_abbrev  0x00001ebe      0x1c8 build/debug/syscalls.o
 .debug_abbrev  0x00002086       0xea build/debug/sysmem.o
 .debug_abbrev  0x00002170      0x11e build/debug/system_stm32g4xx.o
 .debug_abbrev  0x0000228e      0x2ee build/debug/main.o
 .debug_abbrev  0x0000257c       0x24 build/debug/startup_stm32g474xx.o

.debug_loclists
                0x00000000     0xa95a
 .debug_loclists
                0x00000000      0x14d build/debug/stm32g4xx_hal.o
 .debug_loclists
                0x0000014d      0x545 build/debug/stm32g4xx_hal_cortex.o
 .debug_loclists
                0x00000692      0x756 build/debug/stm32g4xx_hal_exti.o
 .debug_loclists
                0x00000de8      0x291 build/debug/stm32g4xx_hal_gpio.o
 .debug_loclists
                0x00001079     0x3c46 build/debug/stm32g4xx_hal_i2c.o
 .debug_loclists
                0x00004cbf      0x129 build/debug/stm32g4xx_hal_i2c_ex.o
 .debug_loclists
                0x00004de8       0x6c build/debug/stm32g4xx_hal_msp.o
 .debug_loclists
                0x00004e54      0x714 build/debug/stm32g4xx_hal_pwr_ex.o
 .debug_loclists
                0x00005568      0x5aa build/debug/stm32g4xx_hal_rcc.o
 .debug_loclists
                0x00005b12     0x1080 build/debug/stm32g4xx_hal_rcc_ex.o
 .debug_loclists
                0x00006b92     0x3765 build/debug/stm32g4xx_hal_uart.o
 .debug_loclists
                0x0000a2f7      0x2df build/debug/stm32g4xx_nucleo.o
 .debug_loclists
                0x0000a5d6      0x2cd build/debug/syscalls.o
 .debug_loclists
                0x0000a8a3       0x52 build/debug/sysmem.o
 .debug_loclists
                0x0000a8f5       0x65 build/debug/system_stm32g4xx.o

.debug_aranges  0x00000000      0xd60
 .debug_aranges
                0x00000000      0x148 build/debug/stm32g4xx_hal.o
 .debug_aranges
                0x00000148       0xf0 build/debug/stm32g4xx_hal_cortex.o
 .debug_aranges
                0x00000238       0x60 build/debug/stm32g4xx_hal_exti.o
 .debug_aranges
                0x00000298       0x58 build/debug/stm32g4xx_hal_gpio.o
 .debug_aranges
                0x000002f0      0x2a0 build/debug/stm32g4xx_hal_i2c.o
 .debug_aranges
                0x00000590       0x48 build/debug/stm32g4xx_hal_i2c_ex.o
 .debug_aranges
                0x000005d8       0x30 build/debug/stm32g4xx_hal_msp.o
 .debug_aranges
                0x00000608      0x140 build/debug/stm32g4xx_hal_pwr_ex.o
 .debug_aranges
                0x00000748       0x98 build/debug/stm32g4xx_hal_rcc.o
 .debug_aranges
                0x000007e0       0xb0 build/debug/stm32g4xx_hal_rcc_ex.o
 .debug_aranges
                0x00000890      0x248 build/debug/stm32g4xx_hal_uart.o
 .debug_aranges
                0x00000ad8       0x68 build/debug/stm32g4xx_it.o
 .debug_aranges
                0x00000b40       0xc8 build/debug/stm32g4xx_nucleo.o
 .debug_aranges
                0x00000c08       0xa8 build/debug/syscalls.o
 .debug_aranges
                0x00000cb0       0x20 build/debug/sysmem.o
 .debug_aranges
                0x00000cd0       0x28 build/debug/system_stm32g4xx.o
 .debug_aranges
                0x00000cf8       0x40 build/debug/main.o
 .debug_aranges
                0x00000d38       0x28 build/debug/startup_stm32g474xx.o

.debug_rnglists
                0x00000000      0xa27
 .debug_rnglists
                0x00000000       0xf1 build/debug/stm32g4xx_hal.o
 .debug_rnglists
                0x000000f1       0xaf build/debug/stm32g4xx_hal_cortex.o
 .debug_rnglists
                0x000001a0       0x46 build/debug/stm32g4xx_hal_exti.o
 .debug_rnglists
                0x000001e6       0x3f build/debug/stm32g4xx_hal_gpio.o
 .debug_rnglists
                0x00000225      0x21c build/debug/stm32g4xx_hal_i2c.o
 .debug_rnglists
                0x00000441       0x31 build/debug/stm32g4xx_hal_i2c_ex.o
 .debug_rnglists
                0x00000472       0x20 build/debug/stm32g4xx_hal_msp.o
 .debug_rnglists
                0x00000492       0xf1 build/debug/stm32g4xx_hal_pwr_ex.o
 .debug_rnglists
                0x00000583       0x81 build/debug/stm32g4xx_hal_rcc.o
 .debug_rnglists
                0x00000604       0x92 build/debug/stm32g4xx_hal_rcc_ex.o
 .debug_rnglists
                0x00000696      0x1cb build/debug/stm32g4xx_hal_uart.o
 .debug_rnglists
                0x00000861       0x49 build/debug/stm32g4xx_it.o
 .debug_rnglists
                0x000008aa       0x92 build/debug/stm32g4xx_nucleo.o
 .debug_rnglists
                0x0000093c       0x79 build/debug/syscalls.o
 .debug_rnglists
                0x000009b5       0x13 build/debug/sysmem.o
 .debug_rnglists
                0x000009c8       0x1a build/debug/system_stm32g4xx.o
 .debug_rnglists
                0x000009e2       0x2c build/debug/main.o
 .debug_rnglists
                0x00000a0e       0x19 build/debug/startup_stm32g474xx.o

.debug_line     0x00000000    0x109d5
 .debug_line    0x00000000      0x76b build/debug/stm32g4xx_hal.o
 .debug_line    0x0000076b      0x899 build/debug/stm32g4xx_hal_cortex.o
 .debug_line    0x00001004      0x7cf build/debug/stm32g4xx_hal_exti.o
 .debug_line    0x000017d3      0x746 build/debug/stm32g4xx_hal_gpio.o
 .debug_line    0x00001f19     0x4e2f build/debug/stm32g4xx_hal_i2c.o
 .debug_line    0x00006d48      0x459 build/debug/stm32g4xx_hal_i2c_ex.o
 .debug_line    0x000071a1      0x388 build/debug/stm32g4xx_hal_msp.o
 .debug_line    0x00007529      0xad7 build/debug/stm32g4xx_hal_pwr_ex.o
 .debug_line    0x00008000      0xf37 build/debug/stm32g4xx_hal_rcc.o
 .debug_line    0x00008f37     0x12ba build/debug/stm32g4xx_hal_rcc_ex.o
 .debug_line    0x0000a1f1     0x4f11 build/debug/stm32g4xx_hal_uart.o
 .debug_line    0x0000f102      0x189 build/debug/stm32g4xx_it.o
 .debug_line    0x0000f28b      0x6dd build/debug/stm32g4xx_nucleo.o
 .debug_line    0x0000f968      0x472 build/debug/syscalls.o
 .debug_line    0x0000fdda      0x2a7 build/debug/sysmem.o
 .debug_line    0x00010081      0x2da build/debug/system_stm32g4xx.o
 .debug_line    0x0001035b      0x603 build/debug/main.o
 .debug_line    0x0001095e       0x77 build/debug/startup_stm32g474xx.o

.debug_str      0x00000000     0x4794
 .debug_str     0x00000000     0x4794 build/debug/stm32g4xx_hal.o
                                0xe27 (size before relaxing)
 .debug_str     0x00004794      0xd7d build/debug/stm32g4xx_hal_cortex.o
 .debug_str     0x00004794      0x419 build/debug/stm32g4xx_hal_exti.o
 .debug_str     0x00004794      0x528 build/debug/stm32g4xx_hal_gpio.o
 .debug_str     0x00004794     0x10b8 build/debug/stm32g4xx_hal_i2c.o
 .debug_str     0x00004794      0x9ce build/debug/stm32g4xx_hal_i2c_ex.o
 .debug_str     0x00004794      0xb8c build/debug/stm32g4xx_hal_msp.o
 .debug_str     0x00004794      0x7ca build/debug/stm32g4xx_hal_pwr_ex.o
 .debug_str     0x00004794      0x83d build/debug/stm32g4xx_hal_rcc.o
 .debug_str     0x00004794      0xa4d build/debug/stm32g4xx_hal_rcc_ex.o
 .debug_str     0x00004794     0x1212 build/debug/stm32g4xx_hal_uart.o
 .debug_str     0x00004794      0x262 build/debug/stm32g4xx_it.o
 .debug_str     0x00004794     0x14ab build/debug/stm32g4xx_nucleo.o
 .debug_str     0x00004794      0x3dd build/debug/syscalls.o
 .debug_str     0x00004794      0x209 build/debug/sysmem.o
 .debug_str     0x00004794      0x3af build/debug/system_stm32g4xx.o
 .debug_str     0x00004794      0xdbb build/debug/main.o
 .debug_str     0x00004794       0x62 build/debug/startup_stm32g474xx.o

.debug_frame    0x00000000     0x2260
 .debug_frame   0x00000000      0x2a4 build/debug/stm32g4xx_hal.o
 .debug_frame   0x000002a4      0x204 build/debug/stm32g4xx_hal_cortex.o
 .debug_frame   0x000004a8       0xf4 build/debug/stm32g4xx_hal_exti.o
 .debug_frame   0x0000059c       0xd0 build/debug/stm32g4xx_hal_gpio.o
 .debug_frame   0x0000066c      0x974 build/debug/stm32g4xx_hal_i2c.o
 .debug_frame   0x00000fe0       0x80 build/debug/stm32g4xx_hal_i2c_ex.o
 .debug_frame   0x00001060       0x64 build/debug/stm32g4xx_hal_msp.o
 .debug_frame   0x000010c4      0x268 build/debug/stm32g4xx_hal_pwr_ex.o
 .debug_frame   0x0000132c      0x198 build/debug/stm32g4xx_hal_rcc.o
 .debug_frame   0x000014c4      0x1a0 build/debug/stm32g4xx_hal_rcc_ex.o
 .debug_frame   0x00001664      0x67c build/debug/stm32g4xx_hal_uart.o
 .debug_frame   0x00001ce0       0xc0 build/debug/stm32g4xx_it.o
 .debug_frame   0x00001da0      0x244 build/debug/stm32g4xx_nucleo.o
 .debug_frame   0x00001fe4      0x190 build/debug/syscalls.o
 .debug_frame   0x00002174       0x28 build/debug/sysmem.o
 .debug_frame   0x0000219c       0x30 build/debug/system_stm32g4xx.o
 .debug_frame   0x000021cc       0x94 build/debug/main.o

.debug_line_str
                0x00000000       0x46
 .debug_line_str
                0x00000000       0x46 build/debug/startup_stm32g474xx.o

Cross Reference Table

Symbol                                            File
ADC1_2_IRQHandler                                 build/debug/startup_stm32g474xx.o
ADC3_IRQHandler                                   build/debug/startup_stm32g474xx.o
ADC4_IRQHandler                                   build/debug/startup_stm32g474xx.o
ADC5_IRQHandler                                   build/debug/startup_stm32g474xx.o
AHBPrescTable                                     build/debug/system_stm32g4xx.o
                                                  build/debug/stm32g4xx_hal_rcc.o
APBPrescTable                                     build/debug/system_stm32g4xx.o
                                                  build/debug/stm32g4xx_hal_rcc.o
BSP_COM_DeInit                                    build/debug/stm32g4xx_nucleo.o
BSP_COM_Init                                      build/debug/stm32g4xx_nucleo.o
                                                  build/debug/main.o
BSP_COM_SelectLogPort                             build/debug/stm32g4xx_nucleo.o
BSP_GetBoardID                                    build/debug/stm32g4xx_nucleo.o
BSP_GetBoardName                                  build/debug/stm32g4xx_nucleo.o
BSP_GetVersion                                    build/debug/stm32g4xx_nucleo.o
BSP_LED_DeInit                                    build/debug/stm32g4xx_nucleo.o
BSP_LED_GetState                                  build/debug/stm32g4xx_nucleo.o
BSP_LED_Init                                      build/debug/stm32g4xx_nucleo.o
                                                  build/debug/main.o
BSP_LED_Off                                       build/debug/stm32g4xx_nucleo.o
BSP_LED_On                                        build/debug/stm32g4xx_nucleo.o
BSP_LED_Toggle                                    build/debug/stm32g4xx_nucleo.o
BSP_PB_Callback                                   build/debug/stm32g4xx_nucleo.o
BSP_PB_DeInit                                     build/debug/stm32g4xx_nucleo.o
BSP_PB_GetState                                   build/debug/stm32g4xx_nucleo.o
BSP_PB_IRQHandler                                 build/debug/stm32g4xx_nucleo.o
                                                  build/debug/stm32g4xx_it.o
BSP_PB_Init                                       build/debug/stm32g4xx_nucleo.o
                                                  build/debug/main.o
BspCOMInit                                        build/debug/main.o
BusFault_Handler                                  build/debug/stm32g4xx_it.o
COMP1_2_3_IRQHandler                              build/debug/startup_stm32g474xx.o
COMP4_5_6_IRQHandler                              build/debug/startup_stm32g474xx.o
COMP7_IRQHandler                                  build/debug/startup_stm32g474xx.o
CORDIC_IRQHandler                                 build/debug/startup_stm32g474xx.o
CRS_IRQHandler                                    build/debug/startup_stm32g474xx.o
DMA1_Channel1_IRQHandler                          build/debug/startup_stm32g474xx.o
DMA1_Channel2_IRQHandler                          build/debug/startup_stm32g474xx.o
DMA1_Channel3_IRQHandler                          build/debug/startup_stm32g474xx.o
DMA1_Channel4_IRQHandler                          build/debug/startup_stm32g474xx.o
DMA1_Channel5_IRQHandler                          build/debug/startup_stm32g474xx.o
DMA1_Channel6_IRQHandler                          build/debug/startup_stm32g474xx.o
DMA1_Channel7_IRQHandler                          build/debug/startup_stm32g474xx.o
DMA1_Channel8_IRQHandler                          build/debug/startup_stm32g474xx.o
DMA2_Channel1_IRQHandler                          build/debug/startup_stm32g474xx.o
DMA2_Channel2_IRQHandler                          build/debug/startup_stm32g474xx.o
DMA2_Channel3_IRQHandler                          build/debug/startup_stm32g474xx.o
DMA2_Channel4_IRQHandler                          build/debug/startup_stm32g474xx.o
DMA2_Channel5_IRQHandler                          build/debug/startup_stm32g474xx.o
DMA2_Channel6_IRQHandler                          build/debug/startup_stm32g474xx.o
DMA2_Channel7_IRQHandler                          build/debug/startup_stm32g474xx.o
DMA2_Channel8_IRQHandler                          build/debug/startup_stm32g474xx.o
DMAMUX_OVR_IRQHandler                             build/debug/startup_stm32g474xx.o
DebugMon_Handler                                  build/debug/stm32g4xx_it.o
Default_Handler                                   build/debug/startup_stm32g474xx.o
EXTI0_IRQHandler                                  build/debug/startup_stm32g474xx.o
EXTI15_10_IRQHandler                              build/debug/stm32g4xx_it.o
EXTI1_IRQHandler                                  build/debug/startup_stm32g474xx.o
EXTI2_IRQHandler                                  build/debug/startup_stm32g474xx.o
EXTI3_IRQHandler                                  build/debug/startup_stm32g474xx.o
EXTI4_IRQHandler                                  build/debug/startup_stm32g474xx.o
EXTI9_5_IRQHandler                                build/debug/startup_stm32g474xx.o
Error_Handler                                     build/debug/main.o
                                                  build/debug/stm32g4xx_hal_msp.o
FDCAN1_IT0_IRQHandler                             build/debug/startup_stm32g474xx.o
FDCAN1_IT1_IRQHandler                             build/debug/startup_stm32g474xx.o
FDCAN2_IT0_IRQHandler                             build/debug/startup_stm32g474xx.o
FDCAN2_IT1_IRQHandler                             build/debug/startup_stm32g474xx.o
FDCAN3_IT0_IRQHandler                             build/debug/startup_stm32g474xx.o
FDCAN3_IT1_IRQHandler                             build/debug/startup_stm32g474xx.o
FLASH_FlushCaches                                 build/debug/stm32g4xx_hal_flash_ex.o
                                                  build/debug/stm32g4xx_hal_flash.o
FLASH_IRQHandler                                  build/debug/startup_stm32g474xx.o
FLASH_PageErase                                   build/debug/stm32g4xx_hal_flash_ex.o
                                                  build/debug/stm32g4xx_hal_flash.o
FLASH_WaitForLastOperation                        build/debug/stm32g4xx_hal_flash.o
                                                  build/debug/stm32g4xx_hal_flash_ex.o
FMAC_IRQHandler                                   build/debug/startup_stm32g474xx.o
FMC_IRQHandler                                    build/debug/startup_stm32g474xx.o
FPU_IRQHandler                                    build/debug/startup_stm32g474xx.o
HAL_DBGMCU_DisableDBGSleepMode                    build/debug/stm32g4xx_hal.o
HAL_DBGMCU_DisableDBGStandbyMode                  build/debug/stm32g4xx_hal.o
HAL_DBGMCU_DisableDBGStopMode                     build/debug/stm32g4xx_hal.o
HAL_DBGMCU_EnableDBGSleepMode                     build/debug/stm32g4xx_hal.o
HAL_DBGMCU_EnableDBGStandbyMode                   build/debug/stm32g4xx_hal.o
HAL_DBGMCU_EnableDBGStopMode                      build/debug/stm32g4xx_hal.o
HAL_DMAEx_ConfigMuxRequestGenerator               build/debug/stm32g4xx_hal_dma_ex.o
HAL_DMAEx_ConfigMuxSync                           build/debug/stm32g4xx_hal_dma_ex.o
HAL_DMAEx_DisableMuxRequestGenerator              build/debug/stm32g4xx_hal_dma_ex.o
HAL_DMAEx_EnableMuxRequestGenerator               build/debug/stm32g4xx_hal_dma_ex.o
HAL_DMAEx_MUX_IRQHandler                          build/debug/stm32g4xx_hal_dma_ex.o
HAL_DMA_Abort                                     build/debug/stm32g4xx_hal_dma.o
                                                  build/debug/stm32g4xx_hal_uart.o
HAL_DMA_Abort_IT                                  build/debug/stm32g4xx_hal_dma.o
                                                  build/debug/stm32g4xx_hal_uart.o
                                                  build/debug/stm32g4xx_hal_i2c.o
HAL_DMA_DeInit                                    build/debug/stm32g4xx_hal_dma.o
HAL_DMA_GetError                                  build/debug/stm32g4xx_hal_dma.o
                                                  build/debug/stm32g4xx_hal_uart.o
HAL_DMA_GetState                                  build/debug/stm32g4xx_hal_dma.o
                                                  build/debug/stm32g4xx_hal_i2c.o
HAL_DMA_IRQHandler                                build/debug/stm32g4xx_hal_dma.o
HAL_DMA_Init                                      build/debug/stm32g4xx_hal_dma.o
HAL_DMA_PollForTransfer                           build/debug/stm32g4xx_hal_dma.o
HAL_DMA_RegisterCallback                          build/debug/stm32g4xx_hal_dma.o
HAL_DMA_Start                                     build/debug/stm32g4xx_hal_dma.o
HAL_DMA_Start_IT                                  build/debug/stm32g4xx_hal_dma.o
                                                  build/debug/stm32g4xx_hal_uart.o
                                                  build/debug/stm32g4xx_hal_i2c.o
HAL_DMA_UnRegisterCallback                        build/debug/stm32g4xx_hal_dma.o
HAL_DeInit                                        build/debug/stm32g4xx_hal.o
HAL_Delay                                         build/debug/stm32g4xx_hal.o
                                                  build/debug/main.o
HAL_EXTI_ClearConfigLine                          build/debug/stm32g4xx_hal_exti.o
HAL_EXTI_ClearPending                             build/debug/stm32g4xx_hal_exti.o
HAL_EXTI_GenerateSWI                              build/debug/stm32g4xx_hal_exti.o
HAL_EXTI_GetConfigLine                            build/debug/stm32g4xx_hal_exti.o
HAL_EXTI_GetHandle                                build/debug/stm32g4xx_hal_exti.o
                                                  build/debug/stm32g4xx_nucleo.o
HAL_EXTI_GetPending                               build/debug/stm32g4xx_hal_exti.o
HAL_EXTI_IRQHandler                               build/debug/stm32g4xx_hal_exti.o
                                                  build/debug/stm32g4xx_nucleo.o
HAL_EXTI_RegisterCallback                         build/debug/stm32g4xx_hal_exti.o